\BOOKMARK [0][-]{chapter*.2}{\376\377\000K\000i\000v\000o\000n\000a\000t}{}% 1
\BOOKMARK [0][-]{chapter*.3}{\376\377\000A\000b\000s\000t\000r\000a\000c\000t}{}% 2
\BOOKMARK [0][-]{chapter.1}{\376\377\000B\000e\000v\000e\000z\000e\000t\000\351\000s}{}% 3
\BOOKMARK [1][-]{section.1.1}{\376\377\000A\000\040\000k\000r\000i\000p\000t\000o\000g\000r\000\341\000f\000i\000a\000\040\000\351\000s\000\040\000a\000z\000\040\000i\000n\000f\000o\000r\000m\000\341\000c\000i\000\363\000b\000i\000z\000t\000o\000n\000s\000\341\000g\000\040\000r\000\366\000v\000i\000d\000\040\000t\000\366\000r\000t\000\351\000n\000e\000t\000e}{chapter.1}% 4
\BOOKMARK [1][-]{section.1.2}{\376\377\000K\000v\000a\000n\000t\000u\000m\000s\000z\000\341\000m\000\355\000t\000\363\000g\000\351\000p\000e\000k}{chapter.1}% 5
\BOOKMARK [2][-]{subsection.1.2.1}{\376\377\000A\000\040\000k\000v\000a\000n\000t\000u\000m\000s\000z\000\341\000m\000\355\000t\000\341\000s\000\040\000m\001\161\000k\000\366\000d\000\351\000s\000i\000\040\000e\000l\000v\000e\000i}{section.1.2}% 6
\BOOKMARK [2][-]{subsection.1.2.2}{\376\377\000A\000\040\000k\000v\000a\000n\000t\000u\000m\000s\000z\000\341\000m\000\355\000t\000\363\000g\000\351\000p\000e\000k\000\040\000e\000l\001\121\000n\000y\000e\000i\000\040\000\351\000s\000\040\000l\000e\000h\000e\000t\001\121\000s\000\351\000g\000e\000i}{section.1.2}% 7
\BOOKMARK [2][-]{subsection.1.2.3}{\376\377\000V\000e\000s\000z\000\351\000l\000y\000e\000k\000\040\000a\000\040\000j\000e\000l\000e\000n\000l\000e\000g\000i\000\040\000k\000r\000i\000p\000t\000o\000g\000r\000\341\000f\000i\000a\000i\000\040\000r\000e\000n\000d\000s\000z\000e\000r\000e\000k\000r\000e}{section.1.2}% 8
\BOOKMARK [1][-]{section.1.3}{\376\377\000A\000\040\000d\000o\000l\000g\000o\000k\000\040\000i\000n\000t\000e\000r\000n\000e\000t\000e}{chapter.1}% 9
\BOOKMARK [2][-]{subsection.1.3.1}{\376\377\000A\000z\000\040\000I\000o\000T\000\040\000k\000i\000a\000l\000a\000k\000u\000l\000\341\000s\000a\000\040\000\351\000s\000\040\000f\000e\000j\000l\001\121\000d\000\351\000s\000e}{section.1.3}% 10
\BOOKMARK [2][-]{subsection.1.3.2}{\376\377\000I\000o\000T\000\040\000e\000s\000z\000k\000\366\000z\000\366\000k\000\040\000j\000e\000l\000l\000e\000m\000z\001\121\000i\000\040\000\351\000s\000\040\000k\000o\000r\000l\000\341\000t\000a\000i}{section.1.3}% 11
\BOOKMARK [2][-]{subsection.1.3.3}{\376\377\000I\000o\000T\000\040\000b\000i\000z\000t\000o\000n\000s\000\341\000g\000i\000\040\000k\000i\000h\000\355\000v\000\341\000s\000o\000k}{section.1.3}% 12
\BOOKMARK [1][-]{section.1.4}{\376\377\000P\000o\000s\000z\000t\000k\000v\000a\000n\000t\000u\000m\000-\000k\000r\000i\000p\000t\000o\000g\000r\000\341\000f\000i\000a\000\040\000\351\000s\000\040\000I\000o\000T\000\040\040\024\000\040\000a\000\040\000k\000a\000p\000c\000s\000o\000l\000a\000t}{chapter.1}% 13
\BOOKMARK [1][-]{section.1.5}{\376\377\000A\000\040\000d\000o\000l\000g\000o\000z\000a\000t\000\040\000c\000\351\000l\000j\000a\000i\000\040\000\351\000s\000\040\000f\000e\000l\000\351\000p\000\355\000t\000\351\000s\000e}{chapter.1}% 14
\BOOKMARK [0][-]{chapter.2}{\376\377\000P\000o\000s\000z\000t\000k\000v\000a\000n\000t\000u\000m\000-\000k\000r\000i\000p\000t\000o\000g\000r\000\341\000f\000i\000a\000i\000\040\000p\000r\000o\000t\000o\000k\000o\000l\000l\000o\000k}{}% 15
\BOOKMARK [1][-]{section.2.1}{\376\377\000P\000o\000s\000z\000t\000k\000v\000a\000n\000t\000u\000m\000-\000k\000r\000i\000p\000t\000o\000g\000r\000\341\000f\000i\000a\000\040\000m\000a\000t\000e\000m\000a\000t\000i\000k\000a\000i\000\040\000a\000l\000a\000p\000j\000a\000i}{chapter.2}% 16
\BOOKMARK [2][-]{subsection.2.1.1}{\376\377\000A\000\040\000r\000\341\000c\000s\000e\000l\000m\000\351\000l\000e\000t\000\040\000a\000l\000a\000p\000j\000a\000i}{section.2.1}% 17
\BOOKMARK [2][-]{subsection.2.1.2}{\376\377\000A\000z\000\040\000L\000W\000E\000\040\000p\000r\000o\000b\000l\000\351\000m\000a\000\040\000\351\000s\000\040\000a\000n\000n\000a\000k\000\040\000m\000o\000d\000u\000l\000\341\000r\000i\000s\000\040\000v\000\341\000l\000t\000o\000z\000a\000t\000a}{section.2.1}% 18
\BOOKMARK [1][-]{section.2.2}{\376\377\000C\000R\000Y\000S\000T\000A\000L\000S\000-\000K\000y\000b\000e\000r\000\040\000p\000r\000o\000t\000o\000k\000o\000l\000l}{chapter.2}% 19
\BOOKMARK [2][-]{subsection.2.2.1}{\376\377\000P\000a\000r\000a\000m\000\351\000t\000e\000r\000e\000k\000\040\000\351\000s\000\040\000b\000i\000z\000t\000o\000n\000s\000\341\000g\000i\000\040\000s\000z\000i\000n\000t\000e\000k}{section.2.2}% 20
\BOOKMARK [2][-]{subsection.2.2.2}{\376\377\000K\000u\000l\000c\000s\000c\000s\000e\000r\000e\000\040\000\351\000s\000\040\000k\000u\000l\000c\000s\000e\000n\000c\000a\000p\000s\000u\000l\000a\000t\000i\000o\000n}{section.2.2}% 21
\BOOKMARK [3][-]{subsubsection.2.2.2.1}{\376\377\000K\000u\000l\000c\000s\000g\000e\000n\000e\000r\000\341\000l\000\341\000s\000\040\000\050\000K\000e\000y\000G\000e\000n\000\051}{subsection.2.2.2}% 22
\BOOKMARK [3][-]{subsubsection.2.2.2.2}{\376\377\000\334\000z\000e\000n\000e\000t\000\040\000e\000n\000c\000a\000p\000s\000u\000l\000a\000t\000i\000o\000n\000\040\000\050\000E\000n\000c\000a\000p\000s\000\051}{subsection.2.2.2}% 23
\BOOKMARK [3][-]{subsubsection.2.2.2.3}{\376\377\000\334\000z\000e\000n\000e\000t\000\040\000d\000e\000c\000a\000p\000s\000u\000l\000a\000t\000i\000o\000n\000\040\000\050\000D\000e\000c\000a\000p\000s\000\051}{subsection.2.2.2}% 24
\BOOKMARK [2][-]{subsection.2.2.3}{\376\377\000B\000i\000z\000t\000o\000n\000s\000\341\000g\000i\000\040\000t\000u\000l\000a\000j\000d\000o\000n\000s\000\341\000g\000o\000k\000\040\000\351\000s\000\040\000h\000a\000r\000d\000v\000e\000r\000\040\000g\000y\000o\000r\000s\000u\000l\000\341\000s}{section.2.2}% 25
\BOOKMARK [1][-]{section.2.3}{\376\377\000B\000I\000K\000E\000\040\000\050\000B\000i\000t\000\040\000F\000l\000i\000p\000p\000i\000n\000g\000\040\000K\000e\000y\000\040\000E\000n\000c\000a\000p\000s\000u\000l\000a\000t\000i\000o\000n\000\051\000\040\000p\000r\000o\000t\000o\000k\000o\000l\000l}{chapter.2}% 26
\BOOKMARK [2][-]{subsection.2.3.1}{\376\377\000K\000\363\000d\000-\000a\000l\000a\000p\000\372\000\040\000t\000i\000t\000k\000o\000s\000\355\000t\000\341\000s\000\040\000a\000l\000a\000p\000e\000l\000v\000e\000i}{section.2.3}% 27
\BOOKMARK [2][-]{subsection.2.3.2}{\376\377\000M\000D\000P\000C\000\040\000k\000\363\000d\000o\000k\000\040\000\351\000s\000\040\000a\000z\000\040\000B\000I\000K\000E\000\040\000p\000a\000r\000a\000m\000\351\000t\000e\000r\000e\000k}{section.2.3}% 28
\BOOKMARK [2][-]{subsection.2.3.3}{\376\377\000B\000I\000K\000E\000\040\000k\000u\000l\000c\000s\000g\000e\000n\000e\000r\000\341\000l\000\341\000s\000\040\000\351\000s\000\040\000e\000n\000c\000a\000p\000s\000u\000l\000a\000t\000i\000o\000n}{section.2.3}% 29
\BOOKMARK [3][-]{subsubsection.2.3.3.1}{\376\377\000K\000u\000l\000c\000s\000g\000e\000n\000e\000r\000\341\000l\000\341\000s\000\040\000\050\000K\000e\000y\000G\000e\000n\000\051}{subsection.2.3.3}% 30
\BOOKMARK [3][-]{subsubsection.2.3.3.2}{\376\377\000\334\000z\000e\000n\000e\000t\000\040\000e\000n\000c\000a\000p\000s\000u\000l\000a\000t\000i\000o\000n\000\040\000\050\000E\000n\000c\000a\000p\000s\000\051}{subsection.2.3.3}% 31
\BOOKMARK [3][-]{subsubsection.2.3.3.3}{\376\377\000\334\000z\000e\000n\000e\000t\000\040\000d\000e\000c\000a\000p\000s\000u\000l\000a\000t\000i\000o\000n\000\040\000\050\000D\000e\000c\000a\000p\000s\000\051\000\040\000\351\000s\000\040\000b\000i\000t\000-\000f\000l\000i\000p\000p\000i\000n\000g\000\040\000d\000e\000k\000\363\000d\000o\000l\000\341\000s}{subsection.2.3.3}% 32
\BOOKMARK [2][-]{subsection.2.3.4}{\376\377\000B\000i\000z\000t\000o\000n\000s\000\341\000g\000i\000\040\000t\000u\000l\000a\000j\000d\000o\000n\000s\000\341\000g\000o\000k}{section.2.3}% 33
\BOOKMARK [1][-]{section.2.4}{\376\377\000O\000l\000d\000a\000l\000s\000\341\000v\000o\000s\000\040\000t\000\341\000m\000a\000d\000\341\000s\000o\000k\000\040\000\351\000s\000\040\000b\000i\000z\000t\000o\000n\000s\000\341\000g\000i\000\040\000i\000m\000p\000l\000e\000m\000e\000n\000t\000\341\000c\000i\000\363}{chapter.2}% 34
\BOOKMARK [2][-]{subsection.2.4.1}{\376\377\000I\000d\001\121\000z\000\355\000t\000\351\000s\000i\000\040\000t\000\341\000m\000a\000d\000\341\000s\000o\000k\000\040\000\050\000T\000i\000m\000i\000n\000g\000\040\000A\000t\000t\000a\000c\000k\000s\000\051}{section.2.4}% 35
\BOOKMARK [2][-]{subsection.2.4.2}{\376\377\000E\000n\000e\000r\000g\000i\000a\000f\000o\000g\000y\000a\000s\000z\000t\000\341\000s\000i\000\040\000t\000\341\000m\000a\000d\000\341\000s\000o\000k\000\040\000\050\000P\000o\000w\000e\000r\000\040\000A\000n\000a\000l\000y\000s\000i\000s\000\051}{section.2.4}% 36
\BOOKMARK [2][-]{subsection.2.4.3}{\376\377\000H\000i\000b\000a\000b\000e\000v\000i\000t\000e\000l\000i\000\040\000t\000\341\000m\000a\000d\000\341\000s\000o\000k\000\040\000\050\000F\000a\000u\000l\000t\000\040\000I\000n\000j\000e\000c\000t\000i\000o\000n\000\051}{section.2.4}% 37
\BOOKMARK [1][-]{section.2.5}{\376\377\000I\000o\000T\000\040\000a\000l\000k\000a\000l\000m\000a\000z\000\341\000s\000o\000k\000\040\000\351\000s\000\040\000i\000n\000t\000e\000g\000r\000\341\000c\000i\000\363}{chapter.2}% 38
\BOOKMARK [2][-]{subsection.2.5.1}{\376\377\000K\000y\000b\000e\000r\000\040\000I\000o\000T\000\040\000i\000m\000p\000l\000e\000m\000e\000n\000t\000\341\000c\000i\000\363}{section.2.5}% 39
\BOOKMARK [2][-]{subsection.2.5.2}{\376\377\000B\000I\000K\000E\000\040\000I\000o\000T\000\040\000i\000m\000p\000l\000e\000m\000e\000n\000t\000\341\000c\000i\000\363}{section.2.5}% 40
\BOOKMARK [2][-]{subsection.2.5.3}{\376\377\000H\000i\000b\000r\000i\000d\000\040\000m\000e\000g\000k\000\366\000z\000e\000l\000\355\000t\000\351\000s\000\040\000a\000z\000\040\000I\000o\000T\000-\000b\000e\000n}{section.2.5}% 41
\BOOKMARK [2][-]{subsection.2.5.4}{\376\377\000M\000e\000m\000\363\000r\000i\000a\000-\000\040\000\351\000s\000\040\000t\000\341\000r\000o\000l\000\341\000s\000i\000\040\000k\000\366\000v\000e\000t\000e\000l\000m\000\351\000n\000y\000e\000k}{section.2.5}% 42
\BOOKMARK [1][-]{section.2.6}{\376\377\000K\000y\000b\000e\000r\000\040\000\351\000s\000\040\000B\000I\000K\000E\000\040\000\366\000s\000s\000z\000e\000h\000a\000s\000o\000n\000l\000\355\000t\000\341\000s\000a}{chapter.2}% 43
\BOOKMARK [2][-]{subsection.2.6.1}{\376\377\000B\000i\000z\000t\000o\000n\000s\000\341\000g\000i\000\040\000m\000e\000g\000f\000o\000n\000t\000o\000l\000\341\000s\000o\000k}{section.2.6}% 44
\BOOKMARK [2][-]{subsection.2.6.2}{\376\377\000T\000e\000l\000j\000e\000s\000\355\000t\000m\000\351\000n\000y\000-\000\040\000\351\000s\000\040\000m\000\351\000r\000e\000t\000-\000j\000e\000l\000l\000e\000m\000z\001\121\000k}{section.2.6}% 45
\BOOKMARK [2][-]{subsection.2.6.3}{\376\377\000G\000y\000a\000k\000o\000r\000l\000a\000t\000i\000\040\000a\000l\000k\000a\000l\000m\000a\000z\000\341\000s\000o\000k}{section.2.6}% 46
\BOOKMARK [2][-]{subsection.2.6.4}{\376\377\000H\000i\000b\000r\000i\000d\000\040\000m\000e\000g\000k\000\366\000z\000e\000l\000\355\000t\000\351\000s}{section.2.6}% 47
\BOOKMARK [0][-]{chapter.3}{\376\377\000M\000\351\000r\000\351\000s\000i\000\040\000k\000\366\000r\000n\000y\000e\000z\000e\000t}{}% 48
\BOOKMARK [1][-]{section.3.1}{\376\377\000H\000a\000r\000d\000v\000e\000r\000k\000\366\000r\000n\000y\000e\000z\000e\000t}{chapter.3}% 49
\BOOKMARK [2][-]{subsection.3.1.1}{\376\377\000T\000e\000s\000z\000t\000p\000l\000a\000t\000f\000o\000r\000m\000\040\000s\000p\000e\000c\000i\000f\000i\000k\000\341\000c\000i\000\363\000j\000a}{section.3.1}% 50
\BOOKMARK [2][-]{subsection.3.1.2}{\376\377\000H\000\341\000l\000\363\000z\000a\000t\000i\000\040\000t\000o\000p\000o\000l\000\363\000g\000i\000a}{section.3.1}% 51
\BOOKMARK [2][-]{subsection.3.1.3}{\376\377\000E\000n\000e\000r\000g\000i\000a\000e\000l\000l\000\341\000t\000\341\000s\000\040\000\351\000s\000\040\000m\000\351\000r\001\121\000e\000s\000z\000k\000\366\000z\000\366\000k}{section.3.1}% 52
\BOOKMARK [1][-]{section.3.2}{\376\377\000S\000z\000o\000f\000t\000v\000e\000r\000k\000\366\000r\000n\000y\000e\000z\000e\000t}{chapter.3}% 53
\BOOKMARK [2][-]{subsection.3.2.1}{\376\377\000O\000p\000e\000r\000\341\000c\000i\000\363\000s\000\040\000r\000e\000n\000d\000s\000z\000e\000r\000\040\000\351\000s\000\040\000a\000l\000a\000p\000k\000\366\000n\000y\000v\000t\000\341\000r\000a\000k}{section.3.2}% 54
\BOOKMARK [2][-]{subsection.3.2.2}{\376\377\000K\000r\000i\000p\000t\000o\000g\000r\000\341\000f\000i\000a\000i\000\040\000k\000\366\000n\000y\000v\000t\000\341\000r\000a\000k}{section.3.2}% 55
\BOOKMARK [2][-]{subsection.3.2.3}{\376\377\000M\000Q\000T\000T\000\040\000i\000n\000f\000r\000a\000s\000t\000r\000u\000k\000t\000\372\000r\000a}{section.3.2}% 56
\BOOKMARK [2][-]{subsection.3.2.4}{\376\377\000K\000o\000n\000t\000\351\000n\000e\000r\000i\000z\000\341\000c\000i\000\363\000\040\000\351\000s\000\040\000r\000e\000p\000r\000o\000d\000u\000k\000\341\000l\000h\000a\000t\000\363\000s\000\341\000g}{section.3.2}% 57
\BOOKMARK [1][-]{section.3.3}{\376\377\000A\000\040\000m\000\351\000r\000\351\000s\000i\000\040\000k\000\366\000r\000n\000y\000e\000z\000e\000t\000\040\000\366\000s\000s\000z\000e\000f\000o\000g\000l\000a\000l\000\341\000s\000a}{chapter.3}% 58
\BOOKMARK [0][-]{chapter.4}{\376\377\000M\000\351\000r\000\351\000s\000\040\000m\000e\000t\000o\000d\000o\000t\000\363\000g\000i\000a}{}% 59
\BOOKMARK [1][-]{section.4.1}{\376\377\000M\000o\000s\000q\000u\000i\000t\000t\000o\000\040\000a\000l\000a\000p\000\372\000\040\000M\000Q\000T\000T\000\040\000l\000a\000b\000o\000r\000a\000t\000\363\000r\000i\000u\000m\000i\000\040\000k\000\366\000r\000n\000y\000e\000z\000e\000t\000\040\000k\000i\000a\000l\000a\000k\000\355\000t\000\341\000s\000a\000\040\000p\000o\000s\000z\000t\000k\000v\000a\000n\000t\000u\000m\000\040\000k\000r\000i\000p\000t\000o\000g\000r\000\341\000f\000i\000a\000i\000\040\000t\000\341\000m\000o\000g\000a\000t\000\341\000s\000s\000a\000l}{chapter.4}% 60
\BOOKMARK [2][-]{subsection.4.1.1}{\376\377\000B\000e\000v\000e\000z\000e\000t\000\351\000s}{section.4.1}% 61
\BOOKMARK [2][-]{subsection.4.1.2}{\376\377\000A\000\040\000l\000a\000b\000o\000r\000\040\000c\000\351\000l\000j\000a\000\040\000\351\000s\000\040\000a\000r\000c\000h\000i\000t\000e\000k\000t\000\372\000r\000\341\000j\000a}{section.4.1}% 62
\BOOKMARK [2][-]{subsection.4.1.3}{\376\377\000O\000p\000e\000r\000\341\000c\000i\000\363\000s\000\040\000r\000e\000n\000d\000s\000z\000e\000r\000\040\000\351\000s\000\040\000a\000l\000a\000p\000c\000s\000o\000m\000a\000g\000o\000k\000\040\000t\000e\000l\000e\000p\000\355\000t\000\351\000s\000e}{section.4.1}% 63
\BOOKMARK [2][-]{subsection.4.1.4}{\376\377\000D\000o\000c\000k\000e\000r\000\040\000k\000\366\000r\000n\000y\000e\000z\000e\000t\000\040\000k\000i\000a\000l\000a\000k\000\355\000t\000\341\000s\000a}{section.4.1}% 64
\BOOKMARK [2][-]{subsection.4.1.5}{\376\377\000A\000z\000\040\000O\000p\000e\000n\000\040\000Q\000u\000a\000n\000t\000u\000m\000\040\000S\000a\000f\000e\000\040\000p\000r\000o\000j\000e\000k\000t\000\040\000k\000o\000m\000p\000o\000n\000e\000n\000s\000e\000i}{section.4.1}% 65
\BOOKMARK [2][-]{subsection.4.1.6}{\376\377\000l\000i\000b\000o\000q\000s\000\040\000f\000o\000r\000d\000\355\000t\000\341\000s\000a\000\040\000\351\000s\000\040\000t\000e\000l\000e\000p\000\355\000t\000\351\000s\000e}{section.4.1}% 66
\BOOKMARK [2][-]{subsection.4.1.7}{\376\377\000O\000p\000e\000n\000S\000S\000L\000\040\0003\000.\0003\000\040\000f\000o\000r\000d\000\355\000t\000\341\000s\000a}{section.4.1}% 67
\BOOKMARK [2][-]{subsection.4.1.8}{\376\377\000O\000Q\000S\000\040\000P\000r\000o\000v\000i\000d\000e\000r\000\040\000f\000o\000r\000d\000\355\000t\000\341\000s\000a}{section.4.1}% 68
\BOOKMARK [2][-]{subsection.4.1.9}{\376\377\000K\000\366\000r\000n\000y\000e\000z\000e\000t\000i\000\040\000v\000\341\000l\000t\000o\000z\000\363\000k\000\040\000k\000o\000n\000f\000i\000g\000u\000r\000\341\000l\000\341\000s\000a}{section.4.1}% 69
\BOOKMARK [2][-]{subsection.4.1.10}{\376\377\000A\000z\000\040\000O\000p\000e\000n\000S\000S\000L\000\040\000m\001\161\000k\000\366\000d\000\351\000s\000\351\000n\000e\000k\000\040\000e\000l\000l\000e\000n\001\121\000r\000z\000\351\000s\000e}{section.4.1}% 70
\BOOKMARK [2][-]{subsection.4.1.11}{\376\377\000M\000o\000s\000q\000u\000i\000t\000t\000o\000\040\000M\000Q\000T\000T\000\040\000b\000r\000o\000k\000e\000r\000\040\000t\000e\000l\000e\000p\000\355\000t\000\351\000s\000e}{section.4.1}% 71
\BOOKMARK [2][-]{subsection.4.1.12}{\376\377\000T\000L\000S\000\040\000t\000a\000n\000\372\000s\000\355\000t\000v\000\341\000n\000y\000o\000k\000\040\000l\000\351\000t\000r\000e\000h\000o\000z\000\341\000s\000a}{section.4.1}% 72
\BOOKMARK [2][-]{subsection.4.1.13}{\376\377\000M\000o\000s\000q\000u\000i\000t\000t\000o\000\040\000T\000L\000S\000\040\000k\000o\000n\000f\000i\000g\000u\000r\000\341\000c\000i\000\363}{section.4.1}% 73
\BOOKMARK [2][-]{subsection.4.1.14}{\376\377\000A\000\040\000b\000r\000o\000k\000e\000r\000\040\000i\000n\000d\000\355\000t\000\341\000s\000a\000\040\000\351\000s\000\040\000t\000e\000s\000z\000t\000e\000l\000\351\000s\000e}{section.4.1}% 74
\BOOKMARK [2][-]{subsection.4.1.15}{\376\377\000M\000Q\000T\000T\000\040\000k\000o\000m\000m\000u\000n\000i\000k\000\341\000c\000i\000\363\000\040\000e\000l\000l\000e\000n\001\121\000r\000z\000\351\000s\000e}{section.4.1}% 75
\BOOKMARK [2][-]{subsection.4.1.16}{\376\377\000\326\000s\000s\000z\000e\000g\000z\000\351\000s}{section.4.1}% 76
\BOOKMARK [0][-]{chapter.5}{\376\377\000M\000\351\000r\000\351\000s\000e\000k}{}% 77
\BOOKMARK [1][-]{section.5.1}{\376\377\000M\000\351\000r\000\351\000s\000i\000\040\000f\000o\000r\000g\000a\000t\000\363\000k\000\366\000n\000y\000v\000e\000k}{chapter.5}% 78
\BOOKMARK [2][-]{subsection.5.1.1}{\376\377\000A\000l\000a\000p\000\040\000k\000r\000i\000p\000t\000o\000g\000r\000\341\000f\000i\000a\000i\000\040\000m\001\161\000v\000e\000l\000e\000t\000e\000k\000\040\000m\000\351\000r\000\351\000s\000e}{section.5.1}% 79
\BOOKMARK [2][-]{subsection.5.1.2}{\376\377\000T\000L\000S\000\040\000k\000\351\000z\000f\000o\000g\000\341\000s\000\040\000\050\000h\000a\000n\000d\000s\000h\000a\000k\000e\000\051\000\040\000m\000\351\000r\000\351\000s\000e}{section.5.1}% 80
\BOOKMARK [2][-]{subsection.5.1.3}{\376\377\000T\000e\000r\000h\000e\000l\000\351\000s\000e\000s\000\040\000m\000\351\000r\000\351\000s}{section.5.1}% 81
\BOOKMARK [1][-]{section.5.2}{\376\377\000M\000\351\000r\000\351\000s\000i\000\040\000m\000\363\000d\000s\000z\000e\000r\000\040\000\351\000s\000\040\000a\000d\000a\000t\000g\000y\001\161\000j\000t\000\351\000s}{chapter.5}% 82
\BOOKMARK [2][-]{subsection.5.2.1}{\376\377\000I\000d\001\121\000m\000\351\000r\000\351\000s\000\040\000m\000e\000g\000v\000a\000l\000\363\000s\000\355\000t\000\341\000s\000a}{section.5.2}% 83
\BOOKMARK [2][-]{subsection.5.2.2}{\376\377\000M\000e\000m\000\363\000r\000i\000a\000h\000a\000s\000z\000n\000\341\000l\000a\000t\000\040\000m\000\351\000r\000\351\000s\000e}{section.5.2}% 84
\BOOKMARK [2][-]{subsection.5.2.3}{\376\377\000E\000n\000e\000r\000g\000i\000a\000f\000o\000g\000y\000a\000s\000z\000t\000\341\000s\000\040\000m\000\351\000r\000\351\000s\000e}{section.5.2}% 85
\BOOKMARK [1][-]{section.5.3}{\376\377\000M\000\351\000r\000\351\000s\000i\000\040\000e\000r\000e\000d\000m\000\351\000n\000y\000e\000k}{chapter.5}% 86
\BOOKMARK [2][-]{subsection.5.3.1}{\376\377\000K\000y\000b\000e\000r\000-\0005\0001\0002\000\040\000e\000r\000e\000d\000m\000\351\000n\000y\000e\000k}{section.5.3}% 87
\BOOKMARK [2][-]{subsection.5.3.2}{\376\377\000K\000y\000b\000e\000r\000-\0007\0006\0008\000\040\000\351\000s\000\040\000K\000y\000b\000e\000r\000-\0001\0000\0002\0004\000\040\000e\000r\000e\000d\000m\000\351\000n\000y\000e\000k}{section.5.3}% 88
\BOOKMARK [2][-]{subsection.5.3.3}{\376\377\000B\000I\000K\000E\000-\000L\0001\000\040\000e\000r\000e\000d\000m\000\351\000n\000y\000e\000k}{section.5.3}% 89
\BOOKMARK [2][-]{subsection.5.3.4}{\376\377\000B\000I\000K\000E\000-\000L\0003\000\040\000\351\000s\000\040\000B\000I\000K\000E\000-\000L\0005\000\040\000e\000r\000e\000d\000m\000\351\000n\000y\000e\000k}{section.5.3}% 90
\BOOKMARK [2][-]{subsection.5.3.5}{\376\377\000T\000L\000S\000\040\000k\000\351\000z\000f\000o\000g\000\341\000s\000\040\000\366\000s\000s\000z\000e\000s\000\355\000t\001\121\000\040\000a\000d\000a\000t\000o\000k}{section.5.3}% 91
\BOOKMARK [1][-]{section.5.4}{\376\377\000A\000\040\000m\000\351\000r\000\351\000s\000e\000k\000\040\000\366\000s\000s\000z\000e\000f\000o\000g\000l\000a\000l\000\341\000s\000a}{chapter.5}% 92
\BOOKMARK [0][-]{chapter.6}{\376\377\000E\000r\000e\000d\000m\000\351\000n\000y\000e\000k\000\040\000k\000i\000\351\000r\000t\000\351\000k\000e\000l\000\351\000s\000e}{}% 93
\BOOKMARK [1][-]{section.6.1}{\376\377\000T\000e\000l\000j\000e\000s\000\355\000t\000m\000\351\000n\000y\000\040\000\366\000s\000s\000z\000e\000h\000a\000s\000o\000n\000l\000\355\000t\000\341\000s\000a}{chapter.6}% 94
\BOOKMARK [2][-]{subsection.6.1.1}{\376\377\000F\000u\000t\000\341\000s\000i\000\040\000i\000d\001\121\000\040\000\366\000s\000s\000z\000e\000h\000a\000s\000o\000n\000l\000\355\000t\000\341\000s\000a}{section.6.1}% 95
\BOOKMARK [2][-]{subsection.6.1.2}{\376\377\000M\000e\000m\000\363\000r\000i\000a\000i\000g\000\351\000n\000y\000\040\000\366\000s\000s\000z\000e\000h\000a\000s\000o\000n\000l\000\355\000t\000\341\000s\000a}{section.6.1}% 96
\BOOKMARK [2][-]{subsection.6.1.3}{\376\377\000K\000u\000l\000c\000s\000-\000\040\000\351\000s\000\040\000k\000a\000p\000s\000z\000u\000l\000a\000m\000\351\000r\000e\000t\000\040\000\366\000s\000s\000z\000e\000h\000a\000s\000o\000n\000l\000\355\000t\000\341\000s\000a}{section.6.1}% 97
\BOOKMARK [2][-]{subsection.6.1.4}{\376\377\000T\000L\000S\000\040\000k\000\351\000z\000f\000o\000g\000\341\000s\000\040\000t\000e\000l\000j\000e\000s\000\355\000t\000m\000\351\000n\000y\000e}{section.6.1}% 98
\BOOKMARK [1][-]{section.6.2}{\376\377\000B\000i\000z\000t\000o\000n\000s\000\341\000g\000i\000\040\000s\000z\000e\000m\000p\000o\000n\000t\000\372\000\040\000\351\000r\000t\000\351\000k\000e\000l\000\351\000s}{chapter.6}% 99
\BOOKMARK [2][-]{subsection.6.2.1}{\376\377\000B\000i\000z\000t\000o\000n\000s\000\341\000g\000i\000\040\000s\000z\000i\000n\000t\000e\000k\000\040\000\351\000s\000\040\000N\000I\000S\000T\000\040\000k\000a\000t\000e\000g\000\363\000r\000i\000\341\000k}{section.6.2}% 100
\BOOKMARK [2][-]{subsection.6.2.2}{\376\377\000I\000s\000m\000e\000r\000t\000\040\000k\000r\000i\000p\000t\000a\000n\000a\000l\000i\000t\000i\000k\000a\000i\000\040\000e\000r\000e\000d\000m\000\351\000n\000y\000e\000k}{section.6.2}% 101
\BOOKMARK [1][-]{section.6.3}{\376\377\000A\000l\000k\000a\000l\000m\000a\000z\000h\000a\000t\000\363\000s\000\341\000g\000i\000\040\000e\000l\000e\000m\000z\000\351\000s}{chapter.6}% 102
\BOOKMARK [2][-]{subsection.6.3.1}{\376\377\000E\000r\001\121\000f\000o\000r\000r\000\341\000s\000-\000k\000o\000r\000l\000\341\000t\000o\000z\000o\000t\000t\000\040\000e\000s\000z\000k\000\366\000z\000\366\000k\000r\000e\000\040\000v\000o\000n\000a\000t\000k\000o\000z\000\363\000\040\000k\000\366\000v\000e\000t\000k\000e\000z\000t\000e\000t\000\351\000s\000e\000k}{section.6.3}% 103
\BOOKMARK [2][-]{subsection.6.3.2}{\376\377\000P\000r\000o\000t\000o\000k\000o\000l\000l\000-\000s\000z\000i\000n\000t\001\161\000\040\000k\000i\000h\000\355\000v\000\341\000s\000o\000k}{section.6.3}% 104
\BOOKMARK [2][-]{subsection.6.3.3}{\376\377\000K\000y\000b\000e\000r\000\040\000\351\000s\000\040\000B\000I\000K\000E\000\040\000\366\000s\000s\000z\000e\000h\000a\000s\000o\000n\000l\000\355\000t\000\363\000\040\000\351\000r\000t\000\351\000k\000e\000l\000\351\000s\000e}{section.6.3}% 105
\BOOKMARK [1][-]{section.6.4}{\376\377\000A\000z\000\040\000e\000r\000e\000d\000m\000\351\000n\000y\000e\000k\000\040\000\366\000s\000s\000z\000e\000f\000o\000g\000l\000a\000l\000\341\000s\000a}{chapter.6}% 106
\BOOKMARK [0][-]{chapter.7}{\376\377\000\326\000s\000s\000z\000e\000f\000o\000g\000l\000a\000l\000\341\000s\000\040\000\351\000s\000\040\000j\000a\000v\000a\000s\000l\000a\000t\000o\000k}{}% 107
\BOOKMARK [1][-]{section.7.1}{\376\377\000A\000\040\000d\000o\000l\000g\000o\000z\000a\000t\000\040\000e\000r\000e\000d\000m\000\351\000n\000y\000e\000i\000n\000e\000k\000\040\000\366\000s\000s\000z\000e\000f\000o\000g\000l\000a\000l\000\341\000s\000a}{chapter.7}% 108
\BOOKMARK [1][-]{section.7.2}{\376\377\000J\000a\000v\000a\000s\000l\000a\000t\000o\000k\000\040\000I\000o\000T\000\040\000r\000e\000n\000d\000s\000z\000e\000r\000e\000k\000\040\000P\000Q\000C\000\040\000m\000i\000g\000r\000\341\000c\000i\000\363\000j\000\341\000h\000o\000z}{chapter.7}% 109
\BOOKMARK [1][-]{section.7.3}{\376\377\000J\000\366\000v\001\121\000b\000e\000l\000i\000\040\000k\000u\000t\000a\000t\000\341\000s\000i\000\040\000i\000r\000\341\000n\000y\000o\000k}{chapter.7}% 110
\BOOKMARK [0][-]{chapter*.4}{\376\377\000K\000\366\000s\000z\000\366\000n\000e\000t\000n\000y\000i\000l\000v\000\341\000n\000\355\000t\000\341\000s}{}% 111
\BOOKMARK [0][-]{chapter*.4}{\376\377\000I\000r\000o\000d\000a\000l\000o\000m\000j\000e\000g\000y\000z\000\351\000k}{}% 112
\BOOKMARK [0][-]{appendix*.6}{\376\377\000F\000\374\000g\000g\000e\000l\000\351\000k}{}% 113
\BOOKMARK [1][-]{section.F.1}{\376\377\000N\000y\000i\000l\000a\000t\000k\000o\000z\000a\000t\000\040\000g\000e\000n\000e\000r\000a\000t\000\355\000v\000\040\000m\000e\000s\000t\000e\000r\000s\000\351\000g\000e\000s\000\040\000i\000n\000t\000e\000l\000l\000i\000g\000e\000n\000c\000i\000a\000\040\000a\000l\000k\000a\000l\000m\000a\000z\000\341\000s\000\341\000r\000\363\000l}{appendix*.6}% 114
