This is XeTeX, Version 3.141592653-2.6-0.999995 (TeX Live 2023/Debian) (preloaded format=xelatex 2026.5.26)  7 JUN 2026 23:42
entering extended mode
 restricted \write18 enabled.
 file:line:error style messages enabled.
 %&-line parsing enabled.
**/home/robert/Egyetem/Thesis/thesis/thesis
(/home/robert/Egyetem/Thesis/thesis/thesis.tex
LaTeX2e <2023-11-01> patch level 1
L3 programming layer <2024-01-22>
(/usr/share/texlive/texmf-dist/tex/latex/base/report.cls
Document Class: report 2023/05/17 v1.4n Standard LaTeX document class
(/usr/share/texlive/texmf-dist/tex/latex/base/size11.clo
File: size11.clo 2023/05/17 v1.4n Standard LaTeX file (size option)
)
\c@part=\count183
\c@chapter=\count184
\c@section=\count185
\c@subsection=\count186
\c@subsubsection=\count187
\c@paragraph=\count188
\c@subparagraph=\count189
\c@figure=\count190
\c@table=\count191
\abovecaptionskip=\skip48
\belowcaptionskip=\skip49
\bibindent=\dimen140
) (./include/packages.tex (/usr/share/texlive/texmf-dist/tex/generic/iftex/ifxetex.sty
Package: ifxetex 2019/10/25 v0.7 ifxetex legacy package. Use iftex instead.
 (/usr/share/texlive/texmf-dist/tex/generic/iftex/iftex.sty
Package: iftex 2022/02/03 v1.0f TeX engine tests
)) (/usr/share/texlive/texmf-dist/tex/generic/iftex/ifluatex.sty
Package: ifluatex 2019/10/25 v1.5 ifluatex legacy package. Use iftex instead.
) (/usr/share/texlive/texmf-dist/tex/latex/fontspec/fontspec.sty (/usr/share/texlive/texmf-dist/tex/latex/l3packages/xparse/xparse.sty (/usr/share/texlive/texmf-dist/tex/latex/l3kernel/expl3.sty
Package: expl3 2024-01-22 L3 programming layer (loader) 
 (/usr/share/texlive/texmf-dist/tex/latex/l3backend/l3backend-xetex.def
File: l3backend-xetex.def 2024-01-04 L3 backend support: XeTeX
\g__graphics_track_int=\count192
\l__pdf_internal_box=\box51
\g__pdf_backend_object_int=\count193
\g__pdf_backend_annotation_int=\count194
\g__pdf_backend_link_int=\count195
))
Package: xparse 2023-10-10 L3 Experimental document command parser
)
Package: fontspec 2022/01/15 v2.8a Font selection for XeLaTeX and LuaLaTeX
 (/usr/share/texlive/texmf-dist/tex/latex/fontspec/fontspec-xetex.sty
Package: fontspec-xetex 2022/01/15 v2.8a Font selection for XeLaTeX and LuaLaTeX
\l__fontspec_script_int=\count196
\l__fontspec_language_int=\count197
\l__fontspec_strnum_int=\count198
\l__fontspec_tmp_int=\count199
\l__fontspec_tmpa_int=\count266
\l__fontspec_tmpb_int=\count267
\l__fontspec_tmpc_int=\count268
\l__fontspec_em_int=\count269
\l__fontspec_emdef_int=\count270
\l__fontspec_strong_int=\count271
\l__fontspec_strongdef_int=\count272
\l__fontspec_tmpa_dim=\dimen141
\l__fontspec_tmpb_dim=\dimen142
\l__fontspec_tmpc_dim=\dimen143
 (/usr/share/texlive/texmf-dist/tex/latex/base/fontenc.sty
Package: fontenc 2021/04/29 v2.0v Standard LaTeX package
) (/usr/share/texlive/texmf-dist/tex/latex/fontspec/fontspec.cfg))) (/usr/share/texlive/texmf-dist/tex/generic/babel/babel.sty
Package: babel 2024/01/07 v24.1 The Babel package
\babel@savecnt=\count273
\U@D=\dimen144
\l@unhyphenated=\language89
 (/usr/share/texlive/texmf-dist/tex/generic/babel/xebabel.def)
\bbl@readstream=\read2
\bbl@dirlevel=\count274
 (/usr/share/texlive/texmf-dist/tex/generic/babel-english/english.ldf
Language: english 2017/06/06 v3.3r English support from the babel system
Package babel Info: Hyphen rules for 'canadian' set to \l@english
(babel)             (\language0). Reported on input line 102.
Package babel Info: Hyphen rules for 'australian' set to \l@ukenglish
(babel)             (\language30). Reported on input line 105.
Package babel Info: Hyphen rules for 'newzealand' set to \l@ukenglish
(babel)             (\language30). Reported on input line 108.
) (./magyar.ldf
Invalid UTF-8 byte or sequence at line 61 replaced by U+FFFD.
Invalid UTF-8 byte or sequence at line 61 replaced by U+FFFD.
Language: magyar 2015/11/24 v1.5c Magyar support from the babel v3.7 system
Invalid UTF-8 byte or sequence at line 162 replaced by U+FFFD.
Invalid UTF-8 byte or sequence at line 1312 replaced by U+FFFD.
Invalid UTF-8 byte or sequence at line 1312 replaced by U+FFFD.
Invalid UTF-8 byte or sequence at line 1312 replaced by U+FFFD.
Invalid UTF-8 byte or sequence at line 1379 replaced by U+FFFD.
Invalid UTF-8 byte or sequence at line 1379 replaced by U+FFFD.
Invalid UTF-8 byte or sequence at line 1379 replaced by U+FFFD.
Invalid UTF-8 byte or sequence at line 1444 replaced by U+FFFD.
Invalid UTF-8 byte or sequence at line 1599 replaced by U+FFFD.
Invalid UTF-8 byte or sequence at line 1599 replaced by U+FFFD.
Invalid UTF-8 byte or sequence at line 1599 replaced by U+FFFD.
Invalid UTF-8 byte or sequence at line 1599 replaced by U+FFFD.
Invalid UTF-8 byte or sequence at line 1616 replaced by U+FFFD.
Invalid UTF-8 byte or sequence at line 1616 replaced by U+FFFD.
Invalid UTF-8 byte or sequence at line 1687 replaced by U+FFFD.
Invalid UTF-8 byte or sequence at line 1804 replaced by U+FFFD.
Invalid UTF-8 byte or sequence at line 1845 replaced by U+FFFD.
Invalid UTF-8 byte or sequence at line 1845 replaced by U+FFFD.
Invalid UTF-8 byte or sequence at line 1848 replaced by U+FFFD.
Invalid UTF-8 byte or sequence at line 1848 replaced by U+FFFD.
Invalid UTF-8 byte or sequence at line 1848 replaced by U+FFFD.
Invalid UTF-8 byte or sequence at line 1848 replaced by U+FFFD.
Package babel Info: Making ` an active character on input line 2735.
Invalid UTF-8 byte or sequence at line 2751 replaced by U+FFFD.
Invalid UTF-8 byte or sequence at line 2751 replaced by U+FFFD.
Invalid UTF-8 byte or sequence at line 2757 replaced by U+FFFD.
Invalid UTF-8 byte or sequence at line 2757 replaced by U+FFFD.
Invalid UTF-8 byte or sequence at line 2758 replaced by U+FFFD.
Invalid UTF-8 byte or sequence at line 2758 replaced by U+FFFD.
Invalid UTF-8 byte or sequence at line 2758 replaced by U+FFFD.
Invalid UTF-8 byte or sequence at line 2762 replaced by U+FFFD.
Invalid UTF-8 byte or sequence at line 2762 replaced by U+FFFD.
Invalid UTF-8 byte or sequence at line 2768 replaced by U+FFFD.
Invalid UTF-8 byte or sequence at line 2768 replaced by U+FFFD.
Invalid UTF-8 byte or sequence at line 2769 replaced by U+FFFD.
Invalid UTF-8 byte or sequence at line 2848 replaced by U+FFFD.
Invalid UTF-8 byte or sequence at line 2857 replaced by U+FFFD.
Invalid UTF-8 byte or sequence at line 2877 replaced by U+FFFD.
Invalid UTF-8 byte or sequence at line 2881 replaced by U+FFFD.
Invalid UTF-8 byte or sequence at line 2881 replaced by U+FFFD.
Invalid UTF-8 byte or sequence at line 2908 replaced by U+FFFD.
Invalid UTF-8 byte or sequence at line 2908 replaced by U+FFFD.
Invalid UTF-8 byte or sequence at line 2926 replaced by U+FFFD.
Invalid UTF-8 byte or sequence at line 2943 replaced by U+FFFD.
Invalid UTF-8 byte or sequence at line 2947 replaced by U+FFFD.
Invalid UTF-8 byte or sequence at line 2947 replaced by U+FFFD.
Invalid UTF-8 byte or sequence at line 2974 replaced by U+FFFD.
Invalid UTF-8 byte or sequence at line 2974 replaced by U+FFFD.
Invalid UTF-8 byte or sequence at line 3065 replaced by U+FFFD.
Invalid UTF-8 byte or sequence at line 3461 replaced by U+FFFD.
Invalid UTF-8 byte or sequence at line 3463 replaced by U+FFFD.
Invalid UTF-8 byte or sequence at line 3464 replaced by U+FFFD.
Invalid UTF-8 byte or sequence at line 3465 replaced by U+FFFD.
Invalid UTF-8 byte or sequence at line 3465 replaced by U+FFFD.
Invalid UTF-8 byte or sequence at line 3467 replaced by U+FFFD.
Invalid UTF-8 byte or sequence at line 3468 replaced by U+FFFD.
Invalid UTF-8 byte or sequence at line 3473 replaced by U+FFFD.
Invalid UTF-8 byte or sequence at line 3474 replaced by U+FFFD.
Invalid UTF-8 byte or sequence at line 3475 replaced by U+FFFD.
Invalid UTF-8 byte or sequence at line 3476 replaced by U+FFFD.
Invalid UTF-8 byte or sequence at line 3477 replaced by U+FFFD.
Invalid UTF-8 byte or sequence at line 3477 replaced by U+FFFD.
Invalid UTF-8 byte or sequence at line 3690 replaced by U+FFFD.
Invalid UTF-8 byte or sequence at line 3690 replaced by U+FFFD.
Invalid UTF-8 byte or sequence at line 3700 replaced by U+FFFD.
Invalid UTF-8 byte or sequence at line 3700 replaced by U+FFFD.
Invalid UTF-8 byte or sequence at line 3706 replaced by U+FFFD.
Invalid UTF-8 byte or sequence at line 4045 replaced by U+FFFD.
Invalid UTF-8 byte or sequence at line 4052 replaced by U+FFFD.
Invalid UTF-8 byte or sequence at line 4052 replaced by U+FFFD.
Invalid UTF-8 byte or sequence at line 4052 replaced by U+FFFD.
Invalid UTF-8 byte or sequence at line 4052 replaced by U+FFFD.
Invalid UTF-8 byte or sequence at line 4052 replaced by U+FFFD.
Invalid UTF-8 byte or sequence at line 4052 replaced by U+FFFD.
Invalid UTF-8 byte or sequence at line 4053 replaced by U+FFFD.
Invalid UTF-8 byte or sequence at line 4054 replaced by U+FFFD.
Invalid UTF-8 byte or sequence at line 4057 replaced by U+FFFD.
Invalid UTF-8 byte or sequence at line 4057 replaced by U+FFFD.
Invalid UTF-8 byte or sequence at line 4058 replaced by U+FFFD.
Invalid UTF-8 byte or sequence at line 4059 replaced by U+FFFD.
Invalid UTF-8 byte or sequence at line 4059 replaced by U+FFFD.
Invalid UTF-8 byte or sequence at line 4059 replaced by U+FFFD.
Invalid UTF-8 byte or sequence at line 4059 replaced by U+FFFD.
Invalid UTF-8 byte or sequence at line 4059 replaced by U+FFFD.
Invalid UTF-8 byte or sequence at line 4059 replaced by U+FFFD.
Invalid UTF-8 byte or sequence at line 4059 replaced by U+FFFD.
Invalid UTF-8 byte or sequence at line 4059 replaced by U+FFFD.
Invalid UTF-8 byte or sequence at line 4059 replaced by U+FFFD.
\c@footnote@add=\count275
\c@footnote@ch=\count276
Invalid UTF-8 byte or sequence at line 4278 replaced by U+FFFD.
Invalid UTF-8 byte or sequence at line 4278 replaced by U+FFFD.
Invalid UTF-8 byte or sequence at line 4278 replaced by U+FFFD.
Invalid UTF-8 byte or sequence at line 4278 replaced by U+FFFD.
Invalid UTF-8 byte or sequence at line 4278 replaced by U+FFFD.
Invalid UTF-8 byte or sequence at line 5442 replaced by U+FFFD.
Invalid UTF-8 byte or sequence at line 5622 replaced by U+FFFD.
Invalid UTF-8 byte or sequence at line 5622 replaced by U+FFFD.
Invalid UTF-8 byte or sequence at line 5622 replaced by U+FFFD.
Invalid UTF-8 byte or sequence at line 5622 replaced by U+FFFD.
Invalid UTF-8 byte or sequence at line 5622 replaced by U+FFFD.
Invalid UTF-8 byte or sequence at line 5642 replaced by U+FFFD.
Invalid UTF-8 byte or sequence at line 5642 replaced by U+FFFD.
Invalid UTF-8 byte or sequence at line 5644 replaced by U+FFFD.
Invalid UTF-8 byte or sequence at line 5644 replaced by U+FFFD.
Invalid UTF-8 byte or sequence at line 5644 replaced by U+FFFD.
Invalid UTF-8 byte or sequence at line 5644 replaced by U+FFFD.
Invalid UTF-8 byte or sequence at line 5644 replaced by U+FFFD.
Invalid UTF-8 byte or sequence at line 5651 replaced by U+FFFD.
Invalid UTF-8 byte or sequence at line 5651 replaced by U+FFFD.
Invalid UTF-8 byte or sequence at line 5654 replaced by U+FFFD.
Invalid UTF-8 byte or sequence at line 5693 replaced by U+FFFD.
Invalid UTF-8 byte or sequence at line 5693 replaced by U+FFFD.
Invalid UTF-8 byte or sequence at line 5693 replaced by U+FFFD.
Invalid UTF-8 byte or sequence at line 5713 replaced by U+FFFD.
Invalid UTF-8 byte or sequence at line 5713 replaced by U+FFFD.
Invalid UTF-8 byte or sequence at line 5713 replaced by U+FFFD.
Invalid UTF-8 byte or sequence at line 5713 replaced by U+FFFD.
Invalid UTF-8 byte or sequence at line 5713 replaced by U+FFFD.
Invalid UTF-8 byte or sequence at line 5713 replaced by U+FFFD.
Invalid UTF-8 byte or sequence at line 5714 replaced by U+FFFD.
Invalid UTF-8 byte or sequence at line 5714 replaced by U+FFFD.
Invalid UTF-8 byte or sequence at line 5714 replaced by U+FFFD.
Invalid UTF-8 byte or sequence at line 5714 replaced by U+FFFD.
Invalid UTF-8 byte or sequence at line 5714 replaced by U+FFFD.
Invalid UTF-8 byte or sequence at line 5714 replaced by U+FFFD.
Invalid UTF-8 byte or sequence at line 5732 replaced by U+FFFD.
Invalid UTF-8 byte or sequence at line 5732 replaced by U+FFFD.
Invalid UTF-8 byte or sequence at line 5734 replaced by U+FFFD.
Invalid UTF-8 byte or sequence at line 5734 replaced by U+FFFD.
Invalid UTF-8 byte or sequence at line 5734 replaced by U+FFFD.
Invalid UTF-8 byte or sequence at line 5734 replaced by U+FFFD.
Invalid UTF-8 byte or sequence at line 5734 replaced by U+FFFD.
Invalid UTF-8 byte or sequence at line 5735 replaced by U+FFFD.
Invalid UTF-8 byte or sequence at line 5735 replaced by U+FFFD.
Invalid UTF-8 byte or sequence at line 5735 replaced by U+FFFD.
Invalid UTF-8 byte or sequence at line 5735 replaced by U+FFFD.
Invalid UTF-8 byte or sequence at line 5735 replaced by U+FFFD.
Invalid UTF-8 byte or sequence at line 5735 replaced by U+FFFD.
Invalid UTF-8 byte or sequence at line 5735 replaced by U+FFFD.
Invalid UTF-8 byte or sequence at line 5762 replaced by U+FFFD.
Invalid UTF-8 byte or sequence at line 5762 replaced by U+FFFD.
Invalid UTF-8 byte or sequence at line 5762 replaced by U+FFFD.
Invalid UTF-8 byte or sequence at line 5762 replaced by U+FFFD.
Invalid UTF-8 byte or sequence at line 5762 replaced by U+FFFD.
Invalid UTF-8 byte or sequence at line 5762 replaced by U+FFFD.
Invalid UTF-8 byte or sequence at line 5764 replaced by U+FFFD.
Invalid UTF-8 byte or sequence at line 5766 replaced by U+FFFD.
Invalid UTF-8 byte or sequence at line 5766 replaced by U+FFFD.
Invalid UTF-8 byte or sequence at line 5770 replaced by U+FFFD.
Invalid UTF-8 byte or sequence at line 5770 replaced by U+FFFD.
Invalid UTF-8 byte or sequence at line 5772 replaced by U+FFFD.
Invalid UTF-8 byte or sequence at line 5772 replaced by U+FFFD.
Invalid UTF-8 byte or sequence at line 5784 replaced by U+FFFD.
Invalid UTF-8 byte or sequence at line 5789 replaced by U+FFFD.
Invalid UTF-8 byte or sequence at line 5794 replaced by U+FFFD.
)) (/usr/share/texlive/texmf-dist/tex/generic/babel/locale/hu/babel-magyar.tex
Package babel Info: Importing font and identification data for magyar
(babel)             from babel-hu.ini. Reported on input line 11.
) (/usr/share/texlive/texmf-dist/tex/generic/babel/locale/en/babel-english.tex
Package babel Info: Importing font and identification data for english
(babel)             from babel-en.ini. Reported on input line 11.
) (/usr/share/texlive/texmf-dist/tex/latex/amsfonts/amsfonts.sty
Package: amsfonts 2013/01/14 v3.01 Basic AMSFonts support
\@emptytoks=\toks17
\symAMSa=\mathgroup4
\symAMSb=\mathgroup5
LaTeX Font Info:    Redeclaring math symbol \hbar on input line 98.
LaTeX Font Info:    Overwriting math alphabet `\mathfrak' in version `bold'
(Font)                  U/euf/m/n --> U/euf/b/n on input line 106.
) (/usr/share/texlive/texmf-dist/tex/latex/amsmath/amsmath.sty
Package: amsmath 2023/05/13 v2.17o AMS math features
\@mathmargin=\skip50

For additional information on amsmath, use the `?' option.
(/usr/share/texlive/texmf-dist/tex/latex/amsmath/amstext.sty
Package: amstext 2021/08/26 v2.01 AMS text
 (/usr/share/texlive/texmf-dist/tex/latex/amsmath/amsgen.sty
File: amsgen.sty 1999/11/30 v2.0 generic functions
\@emptytoks=\toks18
\ex@=\dimen145
)) (/usr/share/texlive/texmf-dist/tex/latex/amsmath/amsbsy.sty
Package: amsbsy 1999/11/29 v1.2d Bold Symbols
\pmbraise@=\dimen146
) (/usr/share/texlive/texmf-dist/tex/latex/amsmath/amsopn.sty
Package: amsopn 2022/04/08 v2.04 operator names
)
\inf@bad=\count277
LaTeX Info: Redefining \frac on input line 234.
\uproot@=\count278
\leftroot@=\count279
LaTeX Info: Redefining \overline on input line 399.
LaTeX Info: Redefining \colon on input line 410.
\classnum@=\count280
\DOTSCASE@=\count281
LaTeX Info: Redefining \ldots on input line 496.
LaTeX Info: Redefining \dots on input line 499.
LaTeX Info: Redefining \cdots on input line 620.
\Mathstrutbox@=\box52
\strutbox@=\box53
LaTeX Info: Redefining \big on input line 722.
LaTeX Info: Redefining \Big on input line 723.
LaTeX Info: Redefining \bigg on input line 724.
LaTeX Info: Redefining \Bigg on input line 725.
\big@size=\dimen147
LaTeX Font Info:    Redeclaring font encoding OML on input line 743.
LaTeX Font Info:    Redeclaring font encoding OMS on input line 744.
\macc@depth=\count282
LaTeX Info: Redefining \bmod on input line 905.
LaTeX Info: Redefining \pmod on input line 910.
LaTeX Info: Redefining \smash on input line 940.
LaTeX Info: Redefining \relbar on input line 970.
LaTeX Info: Redefining \Relbar on input line 971.
\c@MaxMatrixCols=\count283
\dotsspace@=\muskip16
\c@parentequation=\count284
\dspbrk@lvl=\count285
\tag@help=\toks19
\row@=\count286
\column@=\count287
\maxfields@=\count288
\andhelp@=\toks20
\eqnshift@=\dimen148
\alignsep@=\dimen149
\tagshift@=\dimen150
\tagwidth@=\dimen151
\totwidth@=\dimen152
\lineht@=\dimen153
\@envbody=\toks21
\multlinegap=\skip51
\multlinetaggap=\skip52
\mathdisplay@stack=\toks22
LaTeX Info: Redefining \[ on input line 2953.
LaTeX Info: Redefining \] on input line 2954.
) (/usr/share/texlive/texmf-dist/tex/latex/amsfonts/amssymb.sty
Package: amssymb 2013/01/14 v3.01 AMS font symbols
) (/usr/share/texlive/texmf-dist/tex/latex/booktabs/booktabs.sty
Package: booktabs 2020/01/12 v1.61803398 Publication quality tables
\heavyrulewidth=\dimen154
\lightrulewidth=\dimen155
\cmidrulewidth=\dimen156
\belowrulesep=\dimen157
\belowbottomsep=\dimen158
\aboverulesep=\dimen159
\abovetopsep=\dimen160
\cmidrulesep=\dimen161
\cmidrulekern=\dimen162
\defaultaddspace=\dimen163
\@cmidla=\count289
\@cmidlb=\count290
\@aboverulesep=\dimen164
\@belowrulesep=\dimen165
\@thisruleclass=\count291
\@lastruleclass=\count292
\@thisrulewidth=\dimen166
) (/usr/share/texlive/texmf-dist/tex/latex/graphics/graphicx.sty
Package: graphicx 2021/09/16 v1.2d Enhanced LaTeX Graphics (DPC,SPQR)
 (/usr/share/texlive/texmf-dist/tex/latex/graphics/keyval.sty
Package: keyval 2022/05/29 v1.15 key=value parser (DPC)
\KV@toks@=\toks23
) (/usr/share/texlive/texmf-dist/tex/latex/graphics/graphics.sty
Package: graphics 2022/03/10 v1.4e Standard LaTeX Graphics (DPC,SPQR)
 (/usr/share/texlive/texmf-dist/tex/latex/graphics/trig.sty
Package: trig 2021/08/11 v1.11 sin cos tan (DPC)
) (/usr/share/texlive/texmf-dist/tex/latex/graphics-cfg/graphics.cfg
File: graphics.cfg 2016/06/04 v1.11 sample graphics configuration
)
Package graphics Info: Driver file: xetex.def on input line 107.
 (/usr/share/texlive/texmf-dist/tex/latex/graphics-def/xetex.def
File: xetex.def 2022/09/22 v5.0n Graphics/color driver for xetex
))
\Gin@req@height=\dimen167
\Gin@req@width=\dimen168
) (/usr/share/texlive/texmf-dist/tex/latex/anysize/anysize.sty
Package: anysize 1994/08/13 setting margin sizes

document style option `anysize' loaded
Michael Salzenberg, Thomas Esser, Dirk Hillbrecht
Version 1.0, Aug 13, 1994
\@Leftmargin=\dimen169
\@Rightmargin=\dimen170
\@Topmargin=\dimen171
\@Bottommargin=\dimen172
) (/usr/share/texlive/texmf-dist/tex/latex/setspace/setspace.sty
Package: setspace 2022/12/04 v6.7b set line spacing
) (/usr/share/texlive/texmf-dist/tex/latex/hyperref/hyperref.sty
Package: hyperref 2024-01-20 v7.01h Hypertext links for LaTeX
 (/usr/share/texlive/texmf-dist/tex/latex/kvsetkeys/kvsetkeys.sty
Package: kvsetkeys 2022-10-05 v1.19 Key value parser (HO)
) (/usr/share/texlive/texmf-dist/tex/generic/kvdefinekeys/kvdefinekeys.sty
Package: kvdefinekeys 2019-12-19 v1.6 Define keys (HO)
) (/usr/share/texlive/texmf-dist/tex/generic/pdfescape/pdfescape.sty
Package: pdfescape 2019/12/09 v1.15 Implements pdfTeX's escape features (HO)
 (/usr/share/texlive/texmf-dist/tex/generic/ltxcmds/ltxcmds.sty
Package: ltxcmds 2023-12-04 v1.26 LaTeX kernel commands for general use (HO)
) (/usr/share/texlive/texmf-dist/tex/generic/pdftexcmds/pdftexcmds.sty
Package: pdftexcmds 2020-06-27 v0.33 Utility functions of pdfTeX for LuaTeX (HO)
 (/usr/share/texlive/texmf-dist/tex/generic/infwarerr/infwarerr.sty
Package: infwarerr 2019/12/03 v1.5 Providing info/warning/error messages (HO)
)
Package pdftexcmds Info: \pdf@primitive is available.
Package pdftexcmds Info: \pdf@ifprimitive is available.
Package pdftexcmds Info: \pdfdraftmode not found.
)) (/usr/share/texlive/texmf-dist/tex/latex/hycolor/hycolor.sty
Package: hycolor 2020-01-27 v1.10 Color options for hyperref/bookmark (HO)
) (/usr/share/texlive/texmf-dist/tex/latex/auxhook/auxhook.sty
Package: auxhook 2019-12-17 v1.6 Hooks for auxiliary files (HO)
) (/usr/share/texlive/texmf-dist/tex/latex/hyperref/nameref.sty
Package: nameref 2023-11-26 v2.56 Cross-referencing by name of section
 (/usr/share/texlive/texmf-dist/tex/latex/refcount/refcount.sty
Package: refcount 2019/12/15 v3.6 Data extraction from label references (HO)
) (/usr/share/texlive/texmf-dist/tex/generic/gettitlestring/gettitlestring.sty
Package: gettitlestring 2019/12/15 v1.6 Cleanup title references (HO)
 (/usr/share/texlive/texmf-dist/tex/latex/kvoptions/kvoptions.sty
Package: kvoptions 2022-06-15 v3.15 Key value format for package options (HO)
))
\c@section@level=\count293
) (/usr/share/texlive/texmf-dist/tex/latex/etoolbox/etoolbox.sty
Package: etoolbox 2020/10/05 v2.5k e-TeX tools for LaTeX (JAW)
\etb@tempcnta=\count294
)
\@linkdim=\dimen173
\Hy@linkcounter=\count295
\Hy@pagecounter=\count296
 (/usr/share/texlive/texmf-dist/tex/latex/hyperref/pd1enc.def
File: pd1enc.def 2024-01-20 v7.01h Hyperref: PDFDocEncoding definition (HO)
) (/usr/share/texlive/texmf-dist/tex/generic/intcalc/intcalc.sty
Package: intcalc 2019/12/15 v1.3 Expandable calculations with integers (HO)
)
\Hy@SavedSpaceFactor=\count297
 (/usr/share/texlive/texmf-dist/tex/latex/hyperref/puenc.def
File: puenc.def 2024-01-20 v7.01h Hyperref: PDF Unicode definition (HO)
)
Package hyperref Info: Option `unicode' set `true' on input line 4062.
Package hyperref Info: Hyper figures OFF on input line 4179.
Package hyperref Info: Link nesting OFF on input line 4184.
Package hyperref Info: Hyper index ON on input line 4187.
Package hyperref Info: Plain pages OFF on input line 4194.
Package hyperref Info: Backreferencing OFF on input line 4199.
Package hyperref Info: Implicit mode ON; LaTeX internals redefined.
Package hyperref Info: Bookmarks ON on input line 4446.
\c@Hy@tempcnt=\count298
 (/usr/share/texlive/texmf-dist/tex/latex/url/url.sty
\Urlmuskip=\muskip17
Package: url 2013/09/16  ver 3.4  Verb mode for urls, etc.
)
LaTeX Info: Redefining \url on input line 4784.
\XeTeXLinkMargin=\dimen174
 (/usr/share/texlive/texmf-dist/tex/generic/bitset/bitset.sty
Package: bitset 2019/12/09 v1.3 Handle bit-vector datatype (HO)
 (/usr/share/texlive/texmf-dist/tex/generic/bigintcalc/bigintcalc.sty
Package: bigintcalc 2019/12/15 v1.5 Expandable calculations on big integers (HO)
))
\Fld@menulength=\count299
\Field@Width=\dimen175
\Fld@charsize=\dimen176
Package hyperref Info: Hyper figures OFF on input line 6063.
Package hyperref Info: Link nesting OFF on input line 6068.
Package hyperref Info: Hyper index ON on input line 6071.
Package hyperref Info: backreferencing OFF on input line 6078.
Package hyperref Info: Link coloring OFF on input line 6083.
Package hyperref Info: Link coloring with OCG OFF on input line 6088.
Package hyperref Info: PDF/A mode OFF on input line 6093.
 (/usr/share/texlive/texmf-dist/tex/latex/base/atbegshi-ltx.sty
Package: atbegshi-ltx 2021/01/10 v1.0c Emulation of the original atbegshi
package with kernel methods
)
\Hy@abspage=\count300
\c@Item=\count301
\c@Hfootnote=\count302
)
Package hyperref Info: Driver (autodetected): hxetex.
 (/usr/share/texlive/texmf-dist/tex/latex/hyperref/hxetex.def
File: hxetex.def 2024-01-20 v7.01h Hyperref driver for XeTeX
 (/usr/share/texlive/texmf-dist/tex/generic/stringenc/stringenc.sty
Package: stringenc 2019/11/29 v1.12 Convert strings between diff. encodings (HO)
)
\pdfm@box=\box54
\c@Hy@AnnotLevel=\count303
\HyField@AnnotCount=\count304
\Fld@listcount=\count305
\c@bookmark@seq@number=\count306
 (/usr/share/texlive/texmf-dist/tex/latex/rerunfilecheck/rerunfilecheck.sty
Package: rerunfilecheck 2022-07-10 v1.10 Rerun checks for auxiliary files (HO)
 (/usr/share/texlive/texmf-dist/tex/latex/base/atveryend-ltx.sty
Package: atveryend-ltx 2020/08/19 v1.0a Emulation of the original atveryend package
with kernel methods
) (/usr/share/texlive/texmf-dist/tex/generic/uniquecounter/uniquecounter.sty
Package: uniquecounter 2019/12/15 v1.4 Provide unlimited unique counter (HO)
)
Package uniquecounter Info: New unique counter `rerunfilecheck' on input line 285.
)
\Hy@SectionHShift=\skip53
) (/usr/share/texlive/texmf-dist/tex/latex/xcolor/xcolor.sty
Package: xcolor 2023/11/15 v3.01 LaTeX color extensions (UK)
 (/usr/share/texlive/texmf-dist/tex/latex/graphics-cfg/color.cfg
File: color.cfg 2016/01/02 v1.6 sample color configuration
)
Package xcolor Info: Driver file: xetex.def on input line 274.
 (/usr/share/texlive/texmf-dist/tex/latex/graphics/mathcolor.ltx)
Package xcolor Info: Model `cmy' substituted by `cmy0' on input line 1350.
Package xcolor Info: Model `RGB' extended on input line 1366.
Package xcolor Info: Model `HTML' substituted by `rgb' on input line 1368.
Package xcolor Info: Model `Hsb' substituted by `hsb' on input line 1369.
Package xcolor Info: Model `tHsb' substituted by `hsb' on input line 1370.
Package xcolor Info: Model `HSB' substituted by `hsb' on input line 1371.
Package xcolor Info: Model `Gray' substituted by `gray' on input line 1372.
Package xcolor Info: Model `wave' substituted by `hsb' on input line 1373.
) (/usr/share/texlive/texmf-dist/tex/latex/listings/listings.sty
\lst@mode=\count307
\lst@gtempboxa=\box55
\lst@token=\toks24
\lst@length=\count308
\lst@currlwidth=\dimen177
\lst@column=\count309
\lst@pos=\count310
\lst@lostspace=\dimen178
\lst@width=\dimen179
\lst@newlines=\count311
\lst@lineno=\count312
\lst@maxwidth=\dimen180
 (/usr/share/texlive/texmf-dist/tex/latex/listings/lstmisc.sty
File: lstmisc.sty 2023/02/27 1.9 (Carsten Heinz)
\c@lstnumber=\count313
\lst@skipnumbers=\count314
\lst@framebox=\box56
) (/usr/share/texlive/texmf-dist/tex/latex/listings/listings.cfg
File: listings.cfg 2023/02/27 1.9 listings configuration
))
Package: listings 2023/02/27 1.9 (Carsten Heinz)
 (/usr/share/texlive/texmf-dist/tex/latex/ntheorem/ntheorem.sty
Style `ntheorem', Version 1.33 <2011/08/15>
Package: ntheorem 2011/08/15 1.33
(/usr/share/texlive/texmf-dist/tex/latex/base/ifthen.sty
Package: ifthen 2022/04/13 v1.1d Standard LaTeX ifthen package (DPC)
)
\theorem@style=\toks25
\theorem@@style=\toks26
\theorembodyfont=\toks27
\theoremnumbering=\toks28
\theorempreskipamount=\skip54
\theorempostskipamount=\skip55
\theoremframepreskipamount=\skip56
\theoremframepostskipamount=\skip57
\theoreminframepreskipamount=\skip58
\theoreminframepostskipamount=\skip59
\theorem@preskip=\toks29
\theorem@postskip=\toks30
\theorem@framepreskip=\toks31
\theorem@framepostskip=\toks32
\theorem@inframepreskip=\toks33
\theorem@inframepostskip=\toks34
\theoremindent=\dimen181
\theorem@indent=\dimen182
\theoremrightindent=\dimen183
\theorem@rightindent=\dimen184
\theoremheaderfont=\toks35
\theoremseparator=\toks36
\theoremprework=\toks37
\theorempostwork=\toks38
\theoremsymbol=\toks39
\qedsymbol=\toks40
\theoremkeyword=\toks41
\qedsymbol=\toks42
\thm@topsep=\skip60
\thm@topsepadd=\skip61
Package ntheorem Info: Option `thmmarks' loaded on input line 1175.
\c@endNonectr=\count315
\c@currNonectr=\count316
\mysavskip=\skip62
Package ntheorem Info: option `amsmath' handling for `thmmarks' loaded on input line 1175.
\thm@amstmpdepth=\dimen185
\tagwidth=\dimen186
) (/usr/share/texlive/texmf-dist/tex/latex/caption/caption.sty
Package: caption 2023/08/05 v3.6o Customizing captions (AR)
 (/usr/share/texlive/texmf-dist/tex/latex/caption/caption3.sty
Package: caption3 2023/07/31 v2.4d caption3 kernel (AR)
\caption@tempdima=\dimen187
\captionmargin=\dimen188
\caption@leftmargin=\dimen189
\caption@rightmargin=\dimen190
\caption@width=\dimen191
\caption@indent=\dimen192
\caption@parindent=\dimen193
\caption@hangindent=\dimen194
Package caption Info: Standard document class detected.
Package caption Info: hungarian babel package is loaded.
)
\c@caption@flags=\count317
\c@continuedfloat=\count318
Package caption Info: hungarian babel package is loaded.
Package caption Info: hyperref package is loaded.
Package caption Info: listings package is loaded.
) (/usr/share/texlive/texmf-dist/tex/latex/natbib/natbib.sty
Package: natbib 2010/09/13 8.31b (PWD, AO)
\bibhang=\skip63
\bibsep=\skip64
LaTeX Info: Redefining \cite on input line 694.
\c@NAT@ctr=\count319
) (/usr/share/texlive/texmf-dist/tex/latex/tools/xspace.sty
Package: xspace 2014/10/28 v1.13 Space after command names (DPC,MH)
) (/usr/share/texlive/texmf-dist/tex/latex/placeins/placeins.sty
Package: placeins 2005/04/18  v 2.2
) (/usr/share/texlive/texmf-dist/tex/latex/float/float.sty
Package: float 2001/11/08 v1.3d Float enhancements (AL)
\c@float@type=\count320
\float@exts=\toks43
\float@box=\box57
\@float@everytoks=\toks44
\@floatcapt=\box58
) (/usr/share/texlive/texmf-dist/tex/latex/pdfpages/pdfpages.sty
Package: pdfpages 2024/01/21 v0.5y Insert pages of external PDF documents (AM)
 (/usr/share/texlive/texmf-dist/tex/latex/tools/calc.sty
Package: calc 2023/07/08 v4.3 Infix arithmetic (KKT,FJ)
\calc@Acount=\count321
\calc@Bcount=\count322
\calc@Adimen=\dimen195
\calc@Bdimen=\dimen196
\calc@Askip=\skip65
\calc@Bskip=\skip66
LaTeX Info: Redefining \setlength on input line 80.
LaTeX Info: Redefining \addtolength on input line 81.
\calc@Ccount=\count323
\calc@Cskip=\skip67
) (/usr/share/texlive/texmf-dist/tex/latex/eso-pic/eso-pic.sty
Package: eso-pic 2023/05/03 v3.0c eso-pic (RN)
\ESO@tempdima=\dimen197
\ESO@tempdimb=\dimen198
)
\AM@pagewidth=\dimen199
\AM@pageheight=\dimen256
\AM@fboxrule=\dimen257
 (/usr/share/texlive/texmf-dist/tex/latex/pdfpages/ppxetex.def
File: ppxetex.def 2024/01/21 v0.5y Pdfpages driver for XeTeX (AM)
)
\pdfpages@includegraphics@status=\count324
\AM@pagebox=\box59
\AM@global@opts=\toks45
\AM@pagecnt=\count325
\AM@toc@title=\toks46
\AM@lof@heading=\toks47
\c@AM@survey=\count326
\AM@templatesizebox=\box60
) (/usr/share/texlive/texmf-dist/tex/latex/pgf/frontendlayer/tikz.sty (/usr/share/texlive/texmf-dist/tex/latex/pgf/basiclayer/pgf.sty (/usr/share/texlive/texmf-dist/tex/latex/pgf/utilities/pgfrcs.sty (/usr/share/texlive/texmf-dist/tex/generic/pgf/utilities/pgfutil-common.tex
\pgfutil@everybye=\toks48
\pgfutil@tempdima=\dimen258
\pgfutil@tempdimb=\dimen259
) (/usr/share/texlive/texmf-dist/tex/generic/pgf/utilities/pgfutil-latex.def
\pgfutil@abb=\box61
) (/usr/share/texlive/texmf-dist/tex/generic/pgf/utilities/pgfrcs.code.tex (/usr/share/texlive/texmf-dist/tex/generic/pgf/pgf.revision.tex)
Package: pgfrcs 2023-01-15 v3.1.10 (3.1.10)
))
Package: pgf 2023-01-15 v3.1.10 (3.1.10)
 (/usr/share/texlive/texmf-dist/tex/latex/pgf/basiclayer/pgfcore.sty (/usr/share/texlive/texmf-dist/tex/latex/pgf/systemlayer/pgfsys.sty (/usr/share/texlive/texmf-dist/tex/generic/pgf/systemlayer/pgfsys.code.tex
Package: pgfsys 2023-01-15 v3.1.10 (3.1.10)
 (/usr/share/texlive/texmf-dist/tex/generic/pgf/utilities/pgfkeys.code.tex
\pgfkeys@pathtoks=\toks49
\pgfkeys@temptoks=\toks50
 (/usr/share/texlive/texmf-dist/tex/generic/pgf/utilities/pgfkeyslibraryfiltered.code.tex
\pgfkeys@tmptoks=\toks51
))
\pgf@x=\dimen260
\pgf@y=\dimen261
\pgf@xa=\dimen262
\pgf@ya=\dimen263
\pgf@xb=\dimen264
\pgf@yb=\dimen265
\pgf@xc=\dimen266
\pgf@yc=\dimen267
\pgf@xd=\dimen268
\pgf@yd=\dimen269
\w@pgf@writea=\write3
\r@pgf@reada=\read3
\c@pgf@counta=\count327
\c@pgf@countb=\count328
\c@pgf@countc=\count329
\c@pgf@countd=\count330
\t@pgf@toka=\toks52
\t@pgf@tokb=\toks53
\t@pgf@tokc=\toks54
\pgf@sys@id@count=\count331
 (/usr/share/texlive/texmf-dist/tex/generic/pgf/systemlayer/pgf.cfg
File: pgf.cfg 2023-01-15 v3.1.10 (3.1.10)
)
Driver file for pgf: pgfsys-xetex.def
 (/usr/share/texlive/texmf-dist/tex/generic/pgf/systemlayer/pgfsys-xetex.def
File: pgfsys-xetex.def 2023-01-15 v3.1.10 (3.1.10)
 (/usr/share/texlive/texmf-dist/tex/generic/pgf/systemlayer/pgfsys-dvipdfmx.def
File: pgfsys-dvipdfmx.def 2023-01-15 v3.1.10 (3.1.10)
 (/usr/share/texlive/texmf-dist/tex/generic/pgf/systemlayer/pgfsys-common-pdf.def
File: pgfsys-common-pdf.def 2023-01-15 v3.1.10 (3.1.10)
)
\pgfsys@objnum=\count332
))) (/usr/share/texlive/texmf-dist/tex/generic/pgf/systemlayer/pgfsyssoftpath.code.tex
File: pgfsyssoftpath.code.tex 2023-01-15 v3.1.10 (3.1.10)
\pgfsyssoftpath@smallbuffer@items=\count333
\pgfsyssoftpath@bigbuffer@items=\count334
) (/usr/share/texlive/texmf-dist/tex/generic/pgf/systemlayer/pgfsysprotocol.code.tex
File: pgfsysprotocol.code.tex 2023-01-15 v3.1.10 (3.1.10)
)) (/usr/share/texlive/texmf-dist/tex/generic/pgf/basiclayer/pgfcore.code.tex
Package: pgfcore 2023-01-15 v3.1.10 (3.1.10)
 (/usr/share/texlive/texmf-dist/tex/generic/pgf/math/pgfmath.code.tex (/usr/share/texlive/texmf-dist/tex/generic/pgf/math/pgfmathutil.code.tex) (/usr/share/texlive/texmf-dist/tex/generic/pgf/math/pgfmathparser.code.tex
\pgfmath@dimen=\dimen270
\pgfmath@count=\count335
\pgfmath@box=\box62
\pgfmath@toks=\toks55
\pgfmath@stack@operand=\toks56
\pgfmath@stack@operation=\toks57
) (/usr/share/texlive/texmf-dist/tex/generic/pgf/math/pgfmathfunctions.code.tex) (/usr/share/texlive/texmf-dist/tex/generic/pgf/math/pgfmathfunctions.basic.code.tex) (/usr/share/texlive/texmf-dist/tex/generic/pgf/math/pgfmathfunctions.trigonometric.code.tex) (/usr/share/texlive/texmf-dist/tex/generic/pgf/math/pgfmathfunctions.random.code.tex) (/usr/share/texlive/texmf-dist/tex/generic/pgf/math/pgfmathfunctions.comparison.code.tex) (/usr/share/texlive/texmf-dist/tex/generic/pgf/math/pgfmathfunctions.base.code.tex) (/usr/share/texlive/texmf-dist/tex/generic/pgf/math/pgfmathfunctions.round.code.tex) (/usr/share/texlive/texmf-dist/tex/generic/pgf/math/pgfmathfunctions.misc.code.tex) (/usr/share/texlive/texmf-dist/tex/generic/pgf/math/pgfmathfunctions.integerarithmetics.code.tex) (/usr/share/texlive/texmf-dist/tex/generic/pgf/math/pgfmathcalc.code.tex) (/usr/share/texlive/texmf-dist/tex/generic/pgf/math/pgfmathfloat.code.tex
\c@pgfmathroundto@lastzeros=\count336
)) (/usr/share/texlive/texmf-dist/tex/generic/pgf/math/pgfint.code.tex) (/usr/share/texlive/texmf-dist/tex/generic/pgf/basiclayer/pgfcorepoints.code.tex
File: pgfcorepoints.code.tex 2023-01-15 v3.1.10 (3.1.10)
\pgf@picminx=\dimen271
\pgf@picmaxx=\dimen272
\pgf@picminy=\dimen273
\pgf@picmaxy=\dimen274
\pgf@pathminx=\dimen275
\pgf@pathmaxx=\dimen276
\pgf@pathminy=\dimen277
\pgf@pathmaxy=\dimen278
\pgf@xx=\dimen279
\pgf@xy=\dimen280
\pgf@yx=\dimen281
\pgf@yy=\dimen282
\pgf@zx=\dimen283
\pgf@zy=\dimen284
) (/usr/share/texlive/texmf-dist/tex/generic/pgf/basiclayer/pgfcorepathconstruct.code.tex
File: pgfcorepathconstruct.code.tex 2023-01-15 v3.1.10 (3.1.10)
\pgf@path@lastx=\dimen285
\pgf@path@lasty=\dimen286
) (/usr/share/texlive/texmf-dist/tex/generic/pgf/basiclayer/pgfcorepathusage.code.tex
File: pgfcorepathusage.code.tex 2023-01-15 v3.1.10 (3.1.10)
\pgf@shorten@end@additional=\dimen287
\pgf@shorten@start@additional=\dimen288
) (/usr/share/texlive/texmf-dist/tex/generic/pgf/basiclayer/pgfcorescopes.code.tex
File: pgfcorescopes.code.tex 2023-01-15 v3.1.10 (3.1.10)
\pgfpic=\box63
\pgf@hbox=\box64
\pgf@layerbox@main=\box65
\pgf@picture@serial@count=\count337
) (/usr/share/texlive/texmf-dist/tex/generic/pgf/basiclayer/pgfcoregraphicstate.code.tex
File: pgfcoregraphicstate.code.tex 2023-01-15 v3.1.10 (3.1.10)
\pgflinewidth=\dimen289
) (/usr/share/texlive/texmf-dist/tex/generic/pgf/basiclayer/pgfcoretransformations.code.tex
File: pgfcoretransformations.code.tex 2023-01-15 v3.1.10 (3.1.10)
\pgf@pt@x=\dimen290
\pgf@pt@y=\dimen291
\pgf@pt@temp=\dimen292
) (/usr/share/texlive/texmf-dist/tex/generic/pgf/basiclayer/pgfcorequick.code.tex
File: pgfcorequick.code.tex 2023-01-15 v3.1.10 (3.1.10)
) (/usr/share/texlive/texmf-dist/tex/generic/pgf/basiclayer/pgfcoreobjects.code.tex
File: pgfcoreobjects.code.tex 2023-01-15 v3.1.10 (3.1.10)
) (/usr/share/texlive/texmf-dist/tex/generic/pgf/basiclayer/pgfcorepathprocessing.code.tex
File: pgfcorepathprocessing.code.tex 2023-01-15 v3.1.10 (3.1.10)
) (/usr/share/texlive/texmf-dist/tex/generic/pgf/basiclayer/pgfcorearrows.code.tex
File: pgfcorearrows.code.tex 2023-01-15 v3.1.10 (3.1.10)
\pgfarrowsep=\dimen293
) (/usr/share/texlive/texmf-dist/tex/generic/pgf/basiclayer/pgfcoreshade.code.tex
File: pgfcoreshade.code.tex 2023-01-15 v3.1.10 (3.1.10)
\pgf@max=\dimen294
\pgf@sys@shading@range@num=\count338
\pgf@shadingcount=\count339
) (/usr/share/texlive/texmf-dist/tex/generic/pgf/basiclayer/pgfcoreimage.code.tex
File: pgfcoreimage.code.tex 2023-01-15 v3.1.10 (3.1.10)
) (/usr/share/texlive/texmf-dist/tex/generic/pgf/basiclayer/pgfcoreexternal.code.tex
File: pgfcoreexternal.code.tex 2023-01-15 v3.1.10 (3.1.10)
\pgfexternal@startupbox=\box66
) (/usr/share/texlive/texmf-dist/tex/generic/pgf/basiclayer/pgfcorelayers.code.tex
File: pgfcorelayers.code.tex 2023-01-15 v3.1.10 (3.1.10)
) (/usr/share/texlive/texmf-dist/tex/generic/pgf/basiclayer/pgfcoretransparency.code.tex
File: pgfcoretransparency.code.tex 2023-01-15 v3.1.10 (3.1.10)
) (/usr/share/texlive/texmf-dist/tex/generic/pgf/basiclayer/pgfcorepatterns.code.tex
File: pgfcorepatterns.code.tex 2023-01-15 v3.1.10 (3.1.10)
) (/usr/share/texlive/texmf-dist/tex/generic/pgf/basiclayer/pgfcorerdf.code.tex
File: pgfcorerdf.code.tex 2023-01-15 v3.1.10 (3.1.10)
))) (/usr/share/texlive/texmf-dist/tex/generic/pgf/modules/pgfmoduleshapes.code.tex
File: pgfmoduleshapes.code.tex 2023-01-15 v3.1.10 (3.1.10)
\pgfnodeparttextbox=\box67
) (/usr/share/texlive/texmf-dist/tex/generic/pgf/modules/pgfmoduleplot.code.tex
File: pgfmoduleplot.code.tex 2023-01-15 v3.1.10 (3.1.10)
) (/usr/share/texlive/texmf-dist/tex/latex/pgf/compatibility/pgfcomp-version-0-65.sty
Package: pgfcomp-version-0-65 2023-01-15 v3.1.10 (3.1.10)
\pgf@nodesepstart=\dimen295
\pgf@nodesepend=\dimen296
) (/usr/share/texlive/texmf-dist/tex/latex/pgf/compatibility/pgfcomp-version-1-18.sty
Package: pgfcomp-version-1-18 2023-01-15 v3.1.10 (3.1.10)
)) (/usr/share/texlive/texmf-dist/tex/latex/pgf/utilities/pgffor.sty (/usr/share/texlive/texmf-dist/tex/latex/pgf/utilities/pgfkeys.sty (/usr/share/texlive/texmf-dist/tex/generic/pgf/utilities/pgfkeys.code.tex)) (/usr/share/texlive/texmf-dist/tex/latex/pgf/math/pgfmath.sty (/usr/share/texlive/texmf-dist/tex/generic/pgf/math/pgfmath.code.tex)) (/usr/share/texlive/texmf-dist/tex/generic/pgf/utilities/pgffor.code.tex
Package: pgffor 2023-01-15 v3.1.10 (3.1.10)
\pgffor@iter=\dimen297
\pgffor@skip=\dimen298
\pgffor@stack=\toks58
\pgffor@toks=\toks59
)) (/usr/share/texlive/texmf-dist/tex/generic/pgf/frontendlayer/tikz/tikz.code.tex
Package: tikz 2023-01-15 v3.1.10 (3.1.10)
 (/usr/share/texlive/texmf-dist/tex/generic/pgf/libraries/pgflibraryplothandlers.code.tex
File: pgflibraryplothandlers.code.tex 2023-01-15 v3.1.10 (3.1.10)
\pgf@plot@mark@count=\count340
\pgfplotmarksize=\dimen299
)
\tikz@lastx=\dimen300
\tikz@lasty=\dimen301
\tikz@lastxsaved=\dimen302
\tikz@lastysaved=\dimen303
\tikz@lastmovetox=\dimen304
\tikz@lastmovetoy=\dimen305
\tikzleveldistance=\dimen306
\tikzsiblingdistance=\dimen307
\tikz@figbox=\box68
\tikz@figbox@bg=\box69
\tikz@tempbox=\box70
\tikz@tempbox@bg=\box71
\tikztreelevel=\count341
\tikznumberofchildren=\count342
\tikznumberofcurrentchild=\count343
\tikz@fig@count=\count344
 (/usr/share/texlive/texmf-dist/tex/generic/pgf/modules/pgfmodulematrix.code.tex
File: pgfmodulematrix.code.tex 2023-01-15 v3.1.10 (3.1.10)
\pgfmatrixcurrentrow=\count345
\pgfmatrixcurrentcolumn=\count346
\pgf@matrix@numberofcolumns=\count347
)
\tikz@expandcount=\count348
 (/usr/share/texlive/texmf-dist/tex/generic/pgf/frontendlayer/tikz/libraries/tikzlibrarytopaths.code.tex
File: tikzlibrarytopaths.code.tex 2023-01-15 v3.1.10 (3.1.10)
))) (/usr/share/texlive/texmf-dist/tex/generic/pgf/frontendlayer/tikz/libraries/tikzlibraryarrows.code.tex
File: tikzlibraryarrows.code.tex 2023-01-15 v3.1.10 (3.1.10)
 (/usr/share/texlive/texmf-dist/tex/generic/pgf/libraries/pgflibraryarrows.code.tex
File: pgflibraryarrows.code.tex 2023-01-15 v3.1.10 (3.1.10)
\arrowsize=\dimen308
)) (/usr/share/texlive/texmf-dist/tex/generic/pgf/frontendlayer/tikz/libraries/tikzlibrarypositioning.code.tex
File: tikzlibrarypositioning.code.tex 2023-01-15 v3.1.10 (3.1.10)
) (/usr/share/texlive/texmf-dist/tex/generic/pgf/frontendlayer/tikz/libraries/tikzlibrarybackgrounds.code.tex
File: tikzlibrarybackgrounds.code.tex 2023-01-15 v3.1.10 (3.1.10)
\pgf@layerbox@background=\box72
\pgf@layerboxsaved@background=\box73
) (/usr/share/texlive/texmf-dist/tex/generic/pgf/frontendlayer/tikz/libraries/tikzlibraryfit.code.tex
File: tikzlibraryfit.code.tex 2023-01-15 v3.1.10 (3.1.10)
) (/usr/share/texlive/texmf-dist/tex/generic/pgf/frontendlayer/tikz/libraries/tikzlibraryshapes.geometric.code.tex
File: tikzlibraryshapes.geometric.code.tex 2023-01-15 v3.1.10 (3.1.10)
 (/usr/share/texlive/texmf-dist/tex/generic/pgf/libraries/shapes/pgflibraryshapes.geometric.code.tex
File: pgflibraryshapes.geometric.code.tex 2023-01-15 v3.1.10 (3.1.10)
)) (/usr/share/texlive/texmf-dist/tex/latex/pgfplots/pgfplots.sty (/usr/share/texlive/texmf-dist/tex/generic/pgfplots/pgfplots.revision.tex)
Package: pgfplots 2021/05/15 v1.18.1 Data Visualization (1.18.1)
 (/usr/share/texlive/texmf-dist/tex/generic/pgfplots/pgfplots.code.tex (/usr/share/texlive/texmf-dist/tex/generic/pgfplots/pgfplotscore.code.tex
\t@pgfplots@toka=\toks60
\t@pgfplots@tokb=\toks61
\t@pgfplots@tokc=\toks62
\pgfplots@tmpa=\dimen309
\c@pgfplots@coordindex=\count349
\c@pgfplots@scanlineindex=\count350
 (/usr/share/texlive/texmf-dist/tex/generic/pgfplots/sys/pgfplotssysgeneric.code.tex)) (/usr/share/texlive/texmf-dist/tex/generic/pgfplots/libs/pgfplotslibrary.code.tex) (/usr/share/texlive/texmf-dist/tex/generic/pgfplots/oldpgfcompatib/pgfplotsoldpgfsupp_loader.code.tex (/usr/share/texlive/texmf-dist/tex/generic/pgf/libraries/pgflibraryfpu.code.tex)
Package pgfplots: loading complementary utilities for your pgf version...
\t@pgf@toka=\toks63
\t@pgf@tokb=\toks64
\t@pgf@tokc=\toks65
(/usr/share/texlive/texmf-dist/tex/generic/pgfplots/oldpgfcompatib/pgfplotsoldpgfsupp_pgfutil-common-lists.tex)) (/usr/share/texlive/texmf-dist/tex/generic/pgfplots/util/pgfplotsutil.code.tex (/usr/share/texlive/texmf-dist/tex/generic/pgfplots/liststructure/pgfplotsliststructure.code.tex) (/usr/share/texlive/texmf-dist/tex/generic/pgfplots/liststructure/pgfplotsliststructureext.code.tex) (/usr/share/texlive/texmf-dist/tex/generic/pgfplots/liststructure/pgfplotsarray.code.tex
\c@pgfplotsarray@tmp=\count351
) (/usr/share/texlive/texmf-dist/tex/generic/pgfplots/liststructure/pgfplotsmatrix.code.tex) (/usr/share/texlive/texmf-dist/tex/generic/pgfplots/numtable/pgfplotstableshared.code.tex
\c@pgfplotstable@counta=\count352
\t@pgfplotstable@a=\toks66
) (/usr/share/texlive/texmf-dist/tex/generic/pgfplots/liststructure/pgfplotsdeque.code.tex) (/usr/share/texlive/texmf-dist/tex/generic/pgfplots/util/pgfplotsbinary.code.tex (/usr/share/texlive/texmf-dist/tex/generic/pgfplots/util/pgfplotsbinary.data.code.tex)) (/usr/share/texlive/texmf-dist/tex/generic/pgfplots/util/pgfplotsutil.verb.code.tex) (/usr/share/texlive/texmf-dist/tex/generic/pgfplots/libs/pgflibrarypgfplots.surfshading.code.tex
\c@pgfplotslibrarysurf@no=\count353
 (/usr/share/texlive/texmf-dist/tex/generic/pgfplots/sys/pgflibrarypgfplots.surfshading.pgfsys-xetex.def (/usr/share/texlive/texmf-dist/tex/generic/pgfplots/sys/pgflibrarypgfplots.surfshading.pgfsys-dvipdfmx.def
\c@pgfplotslibrarysurf@streamlen=\count354
)))) (/usr/share/texlive/texmf-dist/tex/generic/pgfplots/util/pgfplotscolormap.code.tex (/usr/share/texlive/texmf-dist/tex/generic/pgfplots/util/pgfplotscolor.code.tex)) (/usr/share/texlive/texmf-dist/tex/generic/pgfplots/pgfplotsstackedplots.code.tex) (/usr/share/texlive/texmf-dist/tex/generic/pgfplots/pgfplotsplothandlers.code.tex (/usr/share/texlive/texmf-dist/tex/generic/pgfplots/pgfplotsmeshplothandler.code.tex (/usr/share/texlive/texmf-dist/tex/generic/pgfplots/pgfplotsmeshplotimage.code.tex))) (/usr/share/texlive/texmf-dist/tex/generic/pgfplots/pgfplots.scaling.code.tex) (/usr/share/texlive/texmf-dist/tex/generic/pgfplots/pgfplotscoordprocessing.code.tex) (/usr/share/texlive/texmf-dist/tex/generic/pgfplots/pgfplots.errorbars.code.tex) (/usr/share/texlive/texmf-dist/tex/generic/pgfplots/pgfplots.markers.code.tex) (/usr/share/texlive/texmf-dist/tex/generic/pgfplots/pgfplotsticks.code.tex) (/usr/share/texlive/texmf-dist/tex/generic/pgfplots/pgfplots.paths.code.tex) (/usr/share/texlive/texmf-dist/tex/generic/pgf/frontendlayer/tikz/libraries/tikzlibrarydecorations.code.tex (/usr/share/texlive/texmf-dist/tex/generic/pgf/modules/pgfmoduledecorations.code.tex
\pgfdecoratedcompleteddistance=\dimen310
\pgfdecoratedremainingdistance=\dimen311
\pgfdecoratedinputsegmentcompleteddistance=\dimen312
\pgfdecoratedinputsegmentremainingdistance=\dimen313
\pgf@decorate@distancetomove=\dimen314
\pgf@decorate@repeatstate=\count355
\pgfdecorationsegmentamplitude=\dimen315
\pgfdecorationsegmentlength=\dimen316
)
\tikz@lib@dec@box=\box74
) (/usr/share/texlive/texmf-dist/tex/generic/pgf/frontendlayer/tikz/libraries/tikzlibrarydecorations.pathmorphing.code.tex (/usr/share/texlive/texmf-dist/tex/generic/pgf/libraries/decorations/pgflibrarydecorations.pathmorphing.code.tex)) (/usr/share/texlive/texmf-dist/tex/generic/pgf/frontendlayer/tikz/libraries/tikzlibrarydecorations.pathreplacing.code.tex (/usr/share/texlive/texmf-dist/tex/generic/pgf/libraries/decorations/pgflibrarydecorations.pathreplacing.code.tex)) (/usr/share/texlive/texmf-dist/tex/generic/pgfplots/libs/tikzlibrarypgfplots.contourlua.code.tex)
\pgfplots@numplots=\count356
\pgfplots@xmin@reg=\dimen317
\pgfplots@xmax@reg=\dimen318
\pgfplots@ymin@reg=\dimen319
\pgfplots@ymax@reg=\dimen320
\pgfplots@zmin@reg=\dimen321
\pgfplots@zmax@reg=\dimen322
) (/usr/share/texlive/texmf-dist/tex/generic/pgf/frontendlayer/tikz/libraries/tikzlibraryplotmarks.code.tex
File: tikzlibraryplotmarks.code.tex 2023-01-15 v3.1.10 (3.1.10)
 (/usr/share/texlive/texmf-dist/tex/generic/pgf/libraries/pgflibraryplotmarks.code.tex
File: pgflibraryplotmarks.code.tex 2023-01-15 v3.1.10 (3.1.10)
)))) (./include/tdk-variables.tex) (./include/thesis-hu.tex) (./include/preamble.tex
Package hyperref Info: Option `unicode' set `true' on input line 39.
Package hyperref Info: Option `pdfnewwindow' set `true' on input line 39.
Package hyperref Info: Option `colorlinks' set `true' on input line 39.
\c@currexamplectr=\count357
\c@endexamplectr=\count358
\c@example=\count359
\c@currdefinitionctr=\count360
\c@enddefinitionctr=\count361
\c@definition=\count362
\c@currtheoremctr=\count363
\c@endtheoremctr=\count364
\c@theorem=\count365
) (./thesis.aux (./include/titlepage.aux) (./include/declaration_HU.aux) (./content/abstract.aux) (./content/introduction.aux) (./content/protocol-theory.aux) (./content/enviroment.aux) (./content/measurement-methods.aux) (./content/measurements.aux) (./content/measurment-review.aux) (./content/suggestions.aux) (./content/appendices.aux))
\openout1 = `thesis.aux'.

LaTeX Font Info:    Checking defaults for OML/cmm/m/it on input line 46.
LaTeX Font Info:    ... okay on input line 46.
LaTeX Font Info:    Checking defaults for OMS/cmsy/m/n on input line 46.
LaTeX Font Info:    ... okay on input line 46.
LaTeX Font Info:    Checking defaults for OT1/cmr/m/n on input line 46.
LaTeX Font Info:    ... okay on input line 46.
LaTeX Font Info:    Checking defaults for T1/cmr/m/n on input line 46.
LaTeX Font Info:    ... okay on input line 46.
LaTeX Font Info:    Checking defaults for TS1/cmr/m/n on input line 46.
LaTeX Font Info:    Trying to load font information for TS1+cmr on input line 46.
 (/usr/share/texlive/texmf-dist/tex/latex/base/ts1cmr.fd
File: ts1cmr.fd 2023/04/13 v2.5m Standard LaTeX font definitions
)
LaTeX Font Info:    ... okay on input line 46.
LaTeX Font Info:    Checking defaults for TU/lmr/m/n on input line 46.
LaTeX Font Info:    ... okay on input line 46.
LaTeX Font Info:    Checking defaults for OMX/cmex/m/n on input line 46.
LaTeX Font Info:    ... okay on input line 46.
LaTeX Font Info:    Checking defaults for U/cmr/m/n on input line 46.
LaTeX Font Info:    ... okay on input line 46.
LaTeX Font Info:    Checking defaults for PD1/pdf/m/n on input line 46.
LaTeX Font Info:    ... okay on input line 46.
LaTeX Font Info:    Checking defaults for PU/pdf/m/n on input line 46.
LaTeX Font Info:    ... okay on input line 46.

Package fontspec Info: Adjusting the maths setup (use [no-math] to avoid
(fontspec)             this).

\symlegacymaths=\mathgroup6
LaTeX Font Info:    Overwriting symbol font `legacymaths' in version `bold'
(Font)                  OT1/cmr/m/n --> OT1/cmr/bx/n on input line 46.
LaTeX Font Info:    Redeclaring math accent \acute on input line 46.
LaTeX Font Info:    Redeclaring math accent \grave on input line 46.
LaTeX Font Info:    Redeclaring math accent \ddot on input line 46.
LaTeX Font Info:    Redeclaring math accent \tilde on input line 46.
LaTeX Font Info:    Redeclaring math accent \bar on input line 46.
LaTeX Font Info:    Redeclaring math accent \breve on input line 46.
LaTeX Font Info:    Redeclaring math accent \check on input line 46.
LaTeX Font Info:    Redeclaring math accent \hat on input line 46.
LaTeX Font Info:    Redeclaring math accent \dot on input line 46.
LaTeX Font Info:    Redeclaring math accent \mathring on input line 46.
LaTeX Font Info:    Redeclaring math symbol \Gamma on input line 46.
LaTeX Font Info:    Redeclaring math symbol \Delta on input line 46.
LaTeX Font Info:    Redeclaring math symbol \Theta on input line 46.
LaTeX Font Info:    Redeclaring math symbol \Lambda on input line 46.
LaTeX Font Info:    Redeclaring math symbol \Xi on input line 46.
LaTeX Font Info:    Redeclaring math symbol \Pi on input line 46.
LaTeX Font Info:    Redeclaring math symbol \Sigma on input line 46.
LaTeX Font Info:    Redeclaring math symbol \Upsilon on input line 46.
LaTeX Font Info:    Redeclaring math symbol \Phi on input line 46.
LaTeX Font Info:    Redeclaring math symbol \Psi on input line 46.
LaTeX Font Info:    Redeclaring math symbol \Omega on input line 46.
LaTeX Font Info:    Redeclaring math symbol \mathdollar on input line 46.
LaTeX Font Info:    Redeclaring symbol font `operators' on input line 46.
LaTeX Font Info:    Encoding `OT1' has changed to `TU' for symbol font
(Font)              `operators' in the math version `normal' on input line 46.
LaTeX Font Info:    Overwriting symbol font `operators' in version `normal'
(Font)                  OT1/cmr/m/n --> TU/lmr/m/n on input line 46.
LaTeX Font Info:    Encoding `OT1' has changed to `TU' for symbol font
(Font)              `operators' in the math version `bold' on input line 46.
LaTeX Font Info:    Overwriting symbol font `operators' in version `bold'
(Font)                  OT1/cmr/bx/n --> TU/lmr/m/n on input line 46.
LaTeX Font Info:    Overwriting symbol font `operators' in version `normal'
(Font)                  TU/lmr/m/n --> TU/lmr/m/n on input line 46.
LaTeX Font Info:    Overwriting math alphabet `\mathit' in version `normal'
(Font)                  OT1/cmr/m/it --> TU/lmr/m/it on input line 46.
LaTeX Font Info:    Overwriting math alphabet `\mathbf' in version `normal'
(Font)                  OT1/cmr/bx/n --> TU/lmr/b/n on input line 46.
LaTeX Font Info:    Overwriting math alphabet `\mathsf' in version `normal'
(Font)                  OT1/cmss/m/n --> TU/lmss/m/n on input line 46.
LaTeX Font Info:    Overwriting math alphabet `\mathtt' in version `normal'
(Font)                  OT1/cmtt/m/n --> TU/lmtt/m/n on input line 46.
LaTeX Font Info:    Overwriting symbol font `operators' in version `bold'
(Font)                  TU/lmr/m/n --> TU/lmr/b/n on input line 46.
LaTeX Font Info:    Overwriting math alphabet `\mathit' in version `bold'
(Font)                  OT1/cmr/bx/it --> TU/lmr/b/it on input line 46.
LaTeX Font Info:    Overwriting math alphabet `\mathsf' in version `bold'
(Font)                  OT1/cmss/bx/n --> TU/lmss/b/n on input line 46.
LaTeX Font Info:    Overwriting math alphabet `\mathtt' in version `bold'
(Font)                  OT1/cmtt/m/n --> TU/lmtt/b/n on input line 46.


LaTeX Warning: Please use \usepackage{t1enc} with
               \usepackage[magyar]{babel}, to get accented chars hyphenated.


LaTeX Warning: Please use \usepackage[latin2]{inputenc}
               or \usepackage[utf8]{inputenc}
               with \usepackage[magyar]{babel}.

Package hyperref Info: Link coloring ON on input line 46.
(./thesis.out) (./thesis.out)
\@outlinefile=\write4
\openout4 = `thesis.out'.

\c@lstlisting=\count366
Package caption Info: Begin \AtBeginDocument code.
Package caption Info: float package is loaded.
Package caption Info: End \AtBeginDocument code.
 (/usr/share/texlive/texmf-dist/tex/latex/pdflscape/pdflscape.sty
Package: pdflscape 2022-10-27 v0.13 Display of landscape pages in PDF
 (/usr/share/texlive/texmf-dist/tex/latex/pdflscape/pdflscape-nometadata.sty
Package: pdflscape-nometadata 2022-10-28 v0.13 Display of landscape pages in PDF (HO)
 (/usr/share/texlive/texmf-dist/tex/latex/graphics/lscape.sty
Package: lscape 2020/05/28 v3.02 Landscape Pages (DPC)
)
Package pdflscape Info: Auto-detected driver: dvipdfm (xetex) on input line 98.
))
Package pgfplots notification 'compat/show suggested version=true': document has been generated with the most recent feature set (\pgfplotsset{compat=1.18}).

(/usr/share/texlive/texmf-dist/tex/latex/base/report.cls
LaTeX Info: Redefining \cal on input line 577.
LaTeX Info: Redefining \mit on input line 578.
)
\openout2 = `include/titlepage.aux'.

 (./include/titlepage.tex
Package hyperref Info: Option `pageanchor' set `false' on input line 1.
File: figures/bme_logo.pdf Graphic file (type pdf)
<use figures/bme_logo.pdf>
LaTeX Font Info:    Trying to load font information for U+msa on input line 20.
 (/usr/share/texlive/texmf-dist/tex/latex/amsfonts/umsa.fd
File: umsa.fd 2013/01/14 v3.01 AMS symbols A
)
LaTeX Font Info:    Trying to load font information for U+msb on input line 20.
 (/usr/share/texlive/texmf-dist/tex/latex/amsfonts/umsb.fd
File: umsb.fd 2013/01/14 v3.01 AMS symbols B
) [1



]
Package hyperref Info: Option `pageanchor' set `false' on input line 32.
)
File: Kiraly_Robert_feladatkiiras_v1.pdf Graphic file (type pdf)
<use Kiraly_Robert_feladatkiiras_v1.pdf>
File: Kiraly_Robert_feladatkiiras_v1.pdf Graphic file (type pdf)
<use Kiraly_Robert_feladatkiiras_v1.pdf>
File: Kiraly_Robert_feladatkiiras_v1.pdf Graphic file (type pdf)
<use Kiraly_Robert_feladatkiiras_v1.pdf, page 1>
File: Kiraly_Robert_feladatkiiras_v1.pdf Graphic file (type pdf)
<use Kiraly_Robert_feladatkiiras_v1.pdf, page 1>
File: Kiraly_Robert_feladatkiiras_v1.pdf Graphic file (type pdf)
<use Kiraly_Robert_feladatkiiras_v1.pdf, page 1>
File: Kiraly_Robert_feladatkiiras_v1.pdf Graphic file (type pdf)
<use Kiraly_Robert_feladatkiiras_v1.pdf, page 1>
File: Kiraly_Robert_feladatkiiras_v1.pdf Graphic file (type pdf)
<use Kiraly_Robert_feladatkiiras_v1.pdf, page 1>
 [1



] (./thesis.toc [2

] [3])
\tf@toc=\write5
\openout5 = `thesis.toc'.

 [4]
\openout2 = `include/declaration_HU.aux'.

 (./include/declaration_HU.tex [1

])
\openout2 = `content/abstract.aux'.

 (./content/abstract.tex [1





]
\c@romanPage=\count367
) [2

]
\openout2 = `content/introduction.aux'.

 (./content/introduction.tex
1. fejezet.
[1




] [2] [3]
Underfull \hbox (badness 1552) in paragraph at lines 164--168
[]\TU/lmr/m/n/10.95 A \TU/lmr/bx/n/10.95 pénzügyi modellezésben \TU/lmr/m/n/10.95 a Monte Carlo-szimulációk kvantum gyorsítása
 []

[4] [5] [6]
Underfull \hbox (badness 3343) in paragraph at lines 338--342
[]\TU/lmr/m/n/10.95 Az IoT kontextusában a PQC bevezetése különleges kihívásokat jelent. A
 []

[7]) [8]
\openout2 = `content/protocol-theory.aux'.

 (./content/protocol-theory.tex
2. fejezet.
[9




] [10] [11] [12]
Underfull \hbox (badness 1147) in paragraph at lines 215--218
[]\TU/lmr/m/n/10.95 A BIKE ezt a koncepciót modernizálja az MDPC (Moderate-Density Parity-
 []

[13] [14] [15] [16] [17]) [18]
\openout2 = `content/enviroment.aux'.

 (./content/enviroment.tex
3. fejezet.
LaTeX Font Info:    Font shape `TU/lmss/m/it' in size <7> not available
(Font)              Font shape `TU/lmss/m/sl' tried instead on input line 63.

Underfull \hbox (badness 3189) in paragraph at lines 141--146
[]\TU/lmr/m/n/10.95 Ez a topológia reprodukálja azt az ipari mintát, ahol az IoT végpontok
 []

[19




]
Underfull \hbox (badness 10000) in paragraph at lines 155--159
[]\TU/lmr/bx/n/10.95 Üzenet előállítása az IoT-csomóponton. \TU/lmr/m/n/10.95 Minden IoT-csomópont
 []


Underfull \hbox (badness 1077) in paragraph at lines 155--159
\TU/lmr/m/n/10.95 (\TU/lmtt/m/n/10.95 temperature-sensor-1/2/3\TU/lmr/m/n/10.95 ) egy Python 3.12 folyamat, amely 5 másodper-
 []


Underfull \hbox (badness 1635) in paragraph at lines 155--159
\TU/lmr/m/n/10.95 cenként publikál egy szimulált hőmérsékleti értéket a \TU/lmtt/m/n/10.95 sensors/temperature
 []


Underfull \hbox (badness 1057) in paragraph at lines 179--181
[]\TU/lmr/m/n/10.95 A \TU/lmr/bx/n/10.95 broker \TU/lmr/m/n/10.95 (TLS-szerver) az oqs-provider segítségével generál egy KEM-
 []

[20]
Underfull \hbox (badness 5175) in paragraph at lines 244--250
\TU/lmtt/m/n/10.95 -DBUILD_SHARED_LIBS=ON \TU/lmr/m/n/10.95 (megosztott könyvtárként), \TU/lmtt/m/n/10.95 -DOQS_USE_OPENSSL=ON
 []

[21]
Underfull \hbox (badness 3690) in paragraph at lines 250--255
[]\TU/lmr/bx/n/10.95 oqs-provider \TU/lmr/m/n/10.95 – az OpenSSL 3 Provider architektúráját megvalósító mo-
 []


Underfull \hbox (badness 2197) in paragraph at lines 250--255
\TU/lmr/m/n/10.95 dul, amely a liboqs algoritmusait az OpenSSL kriptográfiai keretrendszeré-
 []


Underfull \hbox (badness 3118) in paragraph at lines 250--255
\TU/lmr/m/n/10.95 be illeszti be. A fordítás a \TU/lmtt/m/n/10.95 liboqs_DIR=/usr/local/lib/cmake/liboqs \TU/lmr/m/n/10.95 és
 []


Underfull \hbox (badness 10000) in paragraph at lines 279--284
[]\TU/lmr/m/n/10.95 Az IoT-csomópontokat egy Python 3.12 alapú konténer valósítja meg
 []


Underfull \hbox (badness 8189) in paragraph at lines 287--291
\TU/lmr/m/n/10.95 Az összes komponens Docker Compose v2 orkesztrációval indul, amelyet a
 []


Underfull \hbox (badness 10000) in paragraph at lines 292--297
[]\TU/lmr/m/n/10.95 A megfigyelési réteget négy komponens alkotja: Prometheus
 []


Underfull \hbox (badness 10000) in paragraph at lines 292--297
\TU/lmr/m/n/10.95 (\TU/lmtt/m/n/10.95 prom/prometheus:latest\TU/lmr/m/n/10.95 ), Grafana (\TU/lmtt/m/n/10.95 grafana/grafana:latest\TU/lmr/m/n/10.95 ), cAdvisor
 []


Underfull \hbox (badness 7649) in paragraph at lines 292--297
\TU/lmr/m/n/10.95 A Prometheus – hogy az összes célpontot elérhesse – egyszerre tagja az
 []


Underfull \hbox (badness 3148) in paragraph at lines 292--297
\TU/lmtt/m/n/10.95 observability-net\TU/lmr/m/n/10.95 , a \TU/lmtt/m/n/10.95 broker-net \TU/lmr/m/n/10.95 és mindhárom \TU/lmtt/m/n/10.95 sensor-*-net \TU/lmr/m/n/10.95 hálózatnak, és
 []


Underfull \hbox (badness 10000) in paragraph at lines 300--302
[]\TU/lmr/m/n/10.95 PQC proxyk (\TU/lmtt/m/n/10.95 pqc-proxy-{a,b,c}:9101\TU/lmr/m/n/10.95 ) – TLS kézfogás késleltetése
 []

[22]
Underfull \hbox (badness 10000) in paragraph at lines 306--308
\TU/lmr/m/n/10.95 A Grafana dashboardja automatikusan konfigurált (provisioning) a
 []


Underfull \hbox (badness 10000) in paragraph at lines 316--326
[]\TU/lmr/bx/n/10.95 Prometheus szükségessége. \TU/lmr/m/n/10.95 Az IoT-csomópontok Python-kódja a
 []


Underfull \hbox (badness 1571) in paragraph at lines 316--326
\TU/lmtt/m/n/10.95 prometheus_client \TU/lmr/m/n/10.95 könyvtáron keresztül exportálja a mért értékeket: az MQTT
 []


Underfull \hbox (badness 1205) in paragraph at lines 316--326
\TU/lmr/m/n/10.95 publish-ciklus késleltetését hisztogramként, az üzenetszámot számlálóként, az RSS-
 []


Overfull \hbox (15.68356pt too wide) in paragraph at lines 357--379
 [][] 
 []

) [23] [24]
\openout2 = `content/measurement-methods.aux'.

 (./content/measurement-methods.tex
4. fejezet.
[25




]
Underfull \hbox (badness 3679) in paragraph at lines 83--88
\TU/lmr/m/n/10.95 Az \TU/lmtt/m/n/10.95 mqtt_messages_total \TU/lmr/m/n/10.95 számláló rögzíti az MQTT-csomópont által elindított
 []

LaTeX Font Info:    Font shape `TU/lmtt/bx/n' in size <10.95> not available
(Font)              Font shape `TU/lmtt/b/n' tried instead on input line 96.
[26]
Underfull \hbox (badness 10000) in paragraph at lines 117--122
\TU/lmr/m/n/10.95 A \TU/lmtt/m/n/10.95 node_memory_rss_bytes \TU/lmr/m/n/10.95 gauge az IoT-csomópont Python-folyamatának
 []


Underfull \hbox (badness 10000) in paragraph at lines 117--122
\TU/lmr/m/n/10.95 pillanatnyi RSS (Resident Set Size) memóriahasználatát rögzíti, amelyet a
 []


Underfull \hbox (badness 10000) in paragraph at lines 147--150
[]\TU/lmr/bx/n/10.95 Konténerek újraindítása: \TU/lmtt/m/n/10.95 docker compose up -d --force-recreate \TU/lmr/m/n/10.95 pa-
 []


Underfull \hbox (badness 2393) in paragraph at lines 147--150
\TU/lmr/m/n/10.95 ranccsal minden konténer friss állapotból indul, a \TU/lmtt/m/n/10.95 PQC_ALG\TU/lmr/m/n/10.95 , \TU/lmtt/m/n/10.95 NODE_CPUS \TU/lmr/m/n/10.95 és
 []


Underfull \hbox (badness 1158) in paragraph at lines 152--155
[]\TU/lmr/bx/n/10.95 Prometheus TSDB-pillanatkép: \TU/lmr/m/n/10.95 a \TU/lmtt/m/n/10.95 /api/v1/admin/tsdb/snapshot \TU/lmr/m/n/10.95 végpont
 []

[27]
Underfull \hbox (badness 1831) in paragraph at lines 161--169
\TU/lmtt/m/n/10.95 temperature-sensor-3\TU/lmr/m/n/10.95 ) elkülönítetten közlik a percentiliseket, az ACK-arányt, a
 []


Underfull \hbox (badness 5175) in paragraph at lines 187--192
[]\TU/lmr/bx/n/10.95 Emulált erőforráskorlát: \TU/lmr/m/n/10.95 a Docker CPU-kvóta a Linux CFS ütemező
 []


Underfull \hbox (badness 10000) in paragraph at lines 196--200
[]\TU/lmr/bx/n/10.95 CPU-kihasználtság mérési artefaktum: \TU/lmr/m/n/10.95 a \TU/lmtt/m/n/10.95 psutil
 []


Underfull \hbox (badness 4291) in paragraph at lines 196--200
\TU/lmtt/m/n/10.95 cpu_percent(interval=None) \TU/lmr/m/n/10.95 hívás első meghívásakor nulla értéket adhat
 []

) [28]
\openout2 = `content/measurements.aux'.

 (./content/measurements.tex
5. fejezet.

Underfull \hbox (badness 1028) in paragraph at lines 3--8
\TU/lmr/m/n/10.95 sodpercig tartott, és mindegyikben három IoT-csomópont (\TU/lmtt/m/n/10.95 temperature-sensor-1\TU/lmr/m/n/10.95 ,
 []

[29




]
File: figures/02_percentile_bands_mlkem512_vs_x25519.png Graphic file (type bmp)
<figures/02_percentile_bands_mlkem512_vs_x25519.png>

Underfull \hbox (badness 1515) in paragraph at lines 93--93
[][]|\TU/lmr/m/n/10.95 MQTT publish-ciklus késleltetési percentilissávok –
 []

[30] [31]
Underfull \hbox (badness 1701) in paragraph at lines 191--191
[][]|\TU/lmr/m/n/10.95 X25519+ML-KEM-768 hibrid MQTT publish-ciklus késleltetés (ms)
 []


Underfull \hbox (badness 2165) in paragraph at lines 271--277
\TU/lmr/m/n/10.95 csomópont háttérfolyamata 5 másodpercenként ellenőrzi a függőben lévő QoS 1
 []


Underfull \hbox (badness 4229) in paragraph at lines 271--277
\TU/lmr/m/n/10.95 üzeneteket, és ha 30 másodpercen belül nem érkezik PUBACK visszaigazolás
 []

[32]
File: figures/05_bike_diagnostics.png Graphic file (type bmp)
<figures/05_bike_diagnostics.png>
 [33] [34]

Package hyperref Warning: Token not allowed in a PDF string (Unicode):
(hyperref)                removing `math shift' on input line 405.


Package hyperref Warning: Token not allowed in a PDF string (Unicode):
(hyperref)                removing `subscript' on input line 405.


Package hyperref Warning: Token not allowed in a PDF string (Unicode):
(hyperref)                removing `math shift' on input line 405.


Underfull \hbox (badness 2205) in paragraph at lines 414--415
[]\TU/lmr/bx/n/10.95 BIKE-L1: $\OT1/cmr/m/n/10.95 30 000[]00$ \TU/lmr/m/n/10.95 ms (15 csomópontmegfigyelés, minden eset PUBACK-
 []

File: figures/06_p99_heatmap.png Graphic file (type bmp)
<figures/06_p99_heatmap.png>
) [35] [36]
\openout2 = `content/measurment-review.aux'.

 (./content/measurment-review.tex
6. fejezet.
Package pgfplots info on input line 57: Using 'lua backend=false' for axis: ymode=log unsupported (yet).
[37




]
File: figures/01_p99_latency_mlkem_x25519.png Graphic file (type bmp)
<figures/01_p99_latency_mlkem_x25519.png>
 [38]
File: figures/04_handshake_vs_p99_bar.png Graphic file (type bmp)
<figures/04_handshake_vs_p99_bar.png>
 [39] [40]
File: figures/03_tls_handshake_latency.png Graphic file (type bmp)
<figures/03_tls_handshake_latency.png>
 [41] [42]
Underfull \hbox (badness 4479) in paragraph at lines 322--325
[]\TU/lmr/bx/n/10.95 Az ML-KEM-768 alkalmazható IoT MQTT kommunikáció TLS-
 []

) [43]
\openout2 = `content/suggestions.aux'.

 (./content/suggestions.tex
7. fejezet.
[44




] [45]) [46] (./thesis.bbl
Underfull \hbox (badness 7116) in paragraph at lines 25--28
[]\TU/lmr/m/n/10.95 IoT Analytics, „State of IoT – Spring 2023,” [][]$[][][][][] [] [] [] [][][][][][][][][][][][][][] [] [][][] []
 []


Underfull \hbox (badness 1194) in paragraph at lines 44--48
[][] [] [][][][][][][][][][][][][][][][][][][][][][][][][][][][][][][][][][][][][][][][][][][][][][][][][][][][][][][][][][][][][][][][][][][][][][][][][]$[][]\TU/lmr/m/n/10.95 , 2022, acces-
 []


Underfull \hbox (badness 4108) in paragraph at lines 54--57
[]\TU/lmr/m/n/10.95 B. Krebs, „Hacked cameras, DVRs powered today’s massive internet ou-
 []


Underfull \hbox (badness 10000) in paragraph at lines 54--57
\TU/lmr/m/n/10.95 tage,” Krebs on Security, 2016, [][]$[][][][][] [] [] [] [][][][][][][][][][][][][][][] [] [][][] [] [][][][] [] [][] []
 []

) [47



]
\openout2 = `content/appendices.aux'.

 (./content/appendices.tex (./include/AI_nyilatkozat_tablazat_HU.tex
Overfull \hbox (39.51869pt too wide) in paragraph at lines 13--45
 [] 
 []

[48


]) [49]
LaTeX Font Info:    Font shape `TU/lmtt/bx/n' in size <12> not available
(Font)              Font shape `TU/lmtt/b/n' tried instead on input line 64.

Underfull \hbox (badness 2884) in paragraph at lines 79--80
\TU/lmr/m/n/10.95 A PQC proxy konténer a stunnel TLS-alagút kliens oldalát valósítja meg. A
 []

[50]
Underfull \hbox (badness 6825) in paragraph at lines 91--92
\TU/lmr/m/n/10.95 A szimulált IoT szenzorcsomópont Python-alapú implementációja. A \TU/lmtt/m/n/10.95 node.py
 []

) [51]
\tf@thm=\write6
\openout6 = `thesis.thm'.

 (./thesis.aux (./include/titlepage.aux) (./include/declaration_HU.aux) (./content/abstract.aux) (./content/introduction.aux) (./content/protocol-theory.aux) (./content/enviroment.aux) (./content/measurement-methods.aux) (./content/measurements.aux) (./content/measurment-review.aux) (./content/suggestions.aux) (./content/appendices.aux))
 ***********
LaTeX2e <2023-11-01> patch level 1
L3 programming layer <2024-01-22>
 ***********
Package rerunfilecheck Info: File `thesis.out' has not changed.
(rerunfilecheck)             Checksum: 4825732F9673DDFF58D3750CF8B0992A;26813.
 ) 
Here is how much of TeX's memory you used:
 40962 strings out of 474878
 970566 string characters out of 5762516
 2086627 words of memory out of 5000000
 62252 multiletter control sequences out of 15000+600000
 566601 words of font info for 104 fonts, out of 8000000 for 9000
 1352 hyphenation exceptions out of 8191
 89i,18n,96p,969b,2337s stack positions out of 10000i,1000n,20000p,200000b,200000s

Output written on thesis.pdf (59 pages).
